******************************************************************************
                  TI ARM Linker PC v20.2.4                     
******************************************************************************
>> Linked Thu Mar 24 22:52:57 2022

OUTPUT FILE NAME:   <10-ice-uart-circular-buffer.out>
ENTRY POINT SYMBOL: "_c_int00_noargs"  address: 00002fa9


MEMORY CONFIGURATION

         name            origin    length      used     unused   attr    fill
----------------------  --------  ---------  --------  --------  ----  --------
  MAIN                  00000000   00040000  000033a5  0003cc5b  R  X
  INFO                  00200000   00004000  00000000  00004000  R  X
  SRAM_CODE             01000000   00010000  000009bf  0000f641  RW X
  SRAM_DATA             20000000   00010000  000009bf  0000f641  RW  


SEGMENT ALLOCATION MAP

run origin  load origin   length   init length attrs members
----------  ----------- ---------- ----------- ----- -------
00000000    00000000    000033a8   000033a8    r-x
  00000000    00000000    000000e4   000000e4    r-- .intvecs
  000000e4    000000e4    00003130   00003130    r-x .text
  00003214    00003214    00000101   00000101    r-- .const
  00003318    00003318    00000090   00000090    r-- .cinit
20000000    20000000    000007bf   00000000    rw-
  20000000    20000000    00000400   00000000    rw- .sysmem
  20000400    20000400    000001ec   00000000    rw- .data
  200005ec    200005ec    000001d3   00000000    rw- .bss
2000fe00    2000fe00    00000200   00000000    rw-
  2000fe00    2000fe00    00000200   00000000    rw- .stack


SECTION ALLOCATION MAP

 output                                  attributes/
section   page    origin      length       input sections
--------  ----  ----------  ----------   ----------------
.intvecs   0    00000000    000000e4     
                  00000000    000000e4     startup_msp432p401r_ccs.obj (.intvecs:retain)

.text      0    000000e4    00003130     
                  000000e4    00000a4e     rtsv7M4_T_le_v4SPD16_eabi.lib : _printfi.c.obj (.text:__TI_printfi)
                  00000b32    00000002                                   : _lock.c.obj (.text:_nop)
                  00000b34    00000334     system_msp432p401r.obj (.text)
                  00000e68    00000270     rtsv7M4_T_le_v4SPD16_eabi.lib : _printfi.c.obj (.text:_pconv_a)
                  000010d8    000001d0                                   : _printfi.c.obj (.text:_pconv_g)
                  000012a8    000001b6                                   : fd_add_t2.asm.obj (.text)
                  0000145e    000001b4     circular_buffer.obj (.text)
                  00001612    00000002     rtsv7M4_T_le_v4SPD16_eabi.lib : div0.asm.obj (.text)
                  00001614    000001ac     serialDebug.obj (.text)
                  000017c0    0000013c     rtsv7M4_T_le_v4SPD16_eabi.lib : _printfi.c.obj (.text:_pconv_e)
                  000018fc    00000136                                   : fd_div_t2.asm.obj (.text)
                  00001a32    00000002     --HOLE-- [fill = 0]
                  00001a34    00000124                                   : _printfi.c.obj (.text:fcvt)
                  00001b58    00000114                                   : fputs.c.obj (.text:fputs)
                  00001c6c    00000110                                   : s_scalbn.c.obj (.text:scalbn)
                  00001d7c    00000100                                   : memory.c.obj (.text:aligned_alloc)
                  00001e7c    000000fc                                   : fd_mul_t2.asm.obj (.text)
                  00001f78    000000e8     main.obj (.text)
                  00002060    000000e4     rtsv7M4_T_le_v4SPD16_eabi.lib : memory.c.obj (.text:free)
                  00002144    000000dc                                   : setvbuf.c.obj (.text:setvbuf)
                  00002220    000000b1                                   : _printfi.c.obj (.text:_ltostr)
                  000022d1    00000001     --HOLE-- [fill = 0]
                  000022d2    0000009c                                   : memcpy_t2.asm.obj (.text)
                  0000236e    00000096                                   : ull_div_t2.asm.obj (.text)
                  00002404    00000086                                   : fd_cmp_t2.asm.obj (.text:__aeabi_cdcmple)
                  0000248a    00000086                                   : fd_cmp_t2.asm.obj (.text:__aeabi_cdrcmple)
                  00002510    0000007a                                   : memset_t2.asm.obj (.text)
                  0000258a    00000002     --HOLE-- [fill = 0]
                  0000258c    00000074                                   : fclose.c.obj (.text:__TI_closefile)
                  00002600    00000070                                   : memory.c.obj (.text:split)
                  00002670    0000006e                                   : _printfi.c.obj (.text:_mcpy)
                  000026de    00000002     --HOLE-- [fill = 0]
                  000026e0    0000006c                                   : hostrename.c.obj (.text:HOSTrename)
                  0000274c    00000068                                   : hostlseek.c.obj (.text:HOSTlseek)
                  000027b4    00000068                                   : copy_decompress_lzss.c.obj (.text:decompress:lzss:__TI_decompress_lzss)
                  0000281c    00000068                                   : printf.c.obj (.text:printf)
                  00002884    00000064                                   : s_frexp.c.obj (.text:frexp)
                  000028e8    00000064                                   : fseek.c.obj (.text:fseek)
                  0000294c    00000062                                   : _io_perm.c.obj (.text:__TI_wrt_ok)
                  000029ae    00000002     --HOLE-- [fill = 0]
                  000029b0    00000060                                   : hostopen.c.obj (.text:HOSTopen)
                  00002a10    0000005c                                   : close.c.obj (.text:close)
                  00002a6c    00000058                                   : hostread.c.obj (.text:HOSTread)
                  00002ac4    00000058                                   : hostwrite.c.obj (.text:HOSTwrite)
                  00002b1c    00000056                                   : _printfi.c.obj (.text:_pconv_f)
                  00002b72    00000054                                   : _ltoa.c.obj (.text:__TI_ltoa)
                  00002bc6    00000052                                   : _printfi.c.obj (.text:_ecpy)
                  00002c18    0000004c                                   : fflush.c.obj (.text:__TI_doflush)
                  00002c64    0000004c                                   : atoi.c.obj (.text:atoi)
                  00002cb0    00000048                                   : exit.c.obj (.text:exit)
                  00002cf8    00000048                                   : fd_toi_t2.asm.obj (.text)
                  00002d40    00000044                                   : hostclose.c.obj (.text:HOSTclose)
                  00002d84    00000044                                   : hostunlink.c.obj (.text:HOSTunlink)
                  00002dc8    00000044                                   : autoinit.c.obj (.text:__TI_auto_init_nobinit_nopinit:__TI_auto_init_nobinit_nopinit)
                  00002e0c    00000044                                   : getdevice.c.obj (.text:getdevice)
                  00002e50    00000040                                   : u_divt2.asm.obj (.text)
                  00002e90    0000003e                                   : _printfi.c.obj (.text:_fcpy)
                  00002ece    00000002     --HOLE-- [fill = 0]
                  00002ed0    00000038                                   : trgmsg.c.obj (.text:__TI_writemsg)
                  00002f08    00000036                                   : strncpy.c.obj (.text:strncpy)
                  00002f3e    00000002     --HOLE-- [fill = 0]
                  00002f40    00000034                                   : fopen.c.obj (.text:__TI_cleanup)
                  00002f74    00000034                                   : trgmsg.c.obj (.text:__TI_readmsg)
                  00002fa8    00000034                                   : boot_cortex_m.c.obj (.text:_c_int00_noargs:_c_int00_noargs)
                  00002fdc    00000030                                   : getdevice.c.obj (.text:finddevice)
                  0000300c    0000002e                                   : i_tofd_t2.asm.obj (.text)
                  0000303a    00000002     --HOLE-- [fill = 0]
                  0000303c    0000002c                                   : unlink.c.obj (.text:unlink)
                  00003068    00000028                                   : memory.c.obj (.text:free_list_insert)
                  00003090    00000028                                   : lseek.c.obj (.text:lseek)
                  000030b8    00000028                                   : write.c.obj (.text:write)
                  000030e0    00000020                                   : memchr.c.obj (.text:memchr)
                  00003100    0000001c                                   : copy_zero_init.c.obj (.text:decompress:ZI:__TI_zero_init_nomemset:__TI_zero_init_nomemset)
                  0000311c    0000001c                                   : memory.c.obj (.text:free_list_remove)
                  00003138    0000001c                                   : memccpy.c.obj (.text:memccpy)
                  00003154    0000001a                                   : s_copysign.c.obj (.text:copysign)
                  0000316e    00000018                                   : strcmp.c.obj (.text:strcmp)
                  00003186    00000016                                   : strchr.c.obj (.text:strchr)
                  0000319c    00000014                                   : strcpy.c.obj (.text:strcpy)
                  000031b0    00000014                                   : strlen.c.obj (.text:strlen)
                  000031c4    00000012                                   : wcslen.c.obj (.text:wcslen)
                  000031d6    0000000e                                   : copy_decompress_none.c.obj (.text:decompress:none:__TI_decompress_none)
                  000031e4    0000000e     startup_msp432p401r_ccs.obj (.text)
                  000031f2    00000002     --HOLE-- [fill = 0]
                  000031f4    00000008     rtsv7M4_T_le_v4SPD16_eabi.lib : errno.c.obj (.text:__aeabi_errno_addr)
                  000031fc    00000008                                   : memory.c.obj (.text:malloc)
                  00003204    00000004                                   : printf.c.obj (.text:_outc)
                  00003208    00000004                                   : printf.c.obj (.text:_outs)
                  0000320c    00000004                                   : pre_init.c.obj (.text:_system_pre_init)
                  00003210    00000004                                   : exit.c.obj (.text:abort:abort)

.const     0    00003214    00000101     
                  00003214    00000101     rtsv7M4_T_le_v4SPD16_eabi.lib : ctype.c.obj (.const:.string:_ctypes_)

.cinit     0    00003318    00000090     
                  00003318    0000006c     (.cinit..data.load) [load image, compression = lzss]
                  00003384    0000000c     (__TI_handler_table)
                  00003390    00000008     (.cinit..bss.load) [load image, compression = zero_init]
                  00003398    00000010     (__TI_cinit_table)

.init_array 
*          0    00000000    00000000     UNINITIALIZED

.binit     0    00000000    00000000     

.sysmem    0    20000000    00000400     UNINITIALIZED
                  20000000    00000010     rtsv7M4_T_le_v4SPD16_eabi.lib : memory.c.obj (.sysmem)
                  20000010    000003f0     --HOLE--

.data      0    20000400    000001ec     UNINITIALIZED
                  20000400    000000f0     rtsv7M4_T_le_v4SPD16_eabi.lib : defs.c.obj (.data:_ftable)
                  200004f0    00000078                                   : host_device.c.obj (.data:_device)
                  20000568    00000050                                   : host_device.c.obj (.data:_stream)
                  200005b8    00000010                                   : defs.c.obj (.data)
                  200005c8    0000000c                                   : exit.c.obj (.data:$O1$$)
                  200005d4    00000008                                   : _lock.c.obj (.data:$O1$$)
                  200005dc    00000008                                   : memory.c.obj (.data:$O1$$)
                  200005e4    00000004                                   : errno.c.obj (.data)
                  200005e8    00000004     system_msp432p401r.obj (.data)

.bss       0    200005ec    000001d3     UNINITIALIZED
                  200005ec    00000120     rtsv7M4_T_le_v4SPD16_eabi.lib : trgmsg.c.obj (.bss:_CIOBUF_)
                  2000070c    000000a0     (.common:__TI_tmpnams)
                  200007ac    00000008     (.common:parmbuf)
                  200007b4    00000004     (.common:Rx_String)
                  200007b8    00000004     (.common:Tx_Buffer)
                  200007bc    00000002     (.common:Rx_Char_Count)
                  200007be    00000001     (.common:ALERT_STRING)

.stack     0    2000fe00    00000200     UNINITIALIZED
                  2000fe00    00000004     rtsv7M4_T_le_v4SPD16_eabi.lib : boot_cortex_m.c.obj (.stack)
                  2000fe04    000001fc     --HOLE--

__llvm_prf_cnts 
*          0    20000000    00000000     UNINITIALIZED

MODULE SUMMARY

       Module                        code    ro data   rw data
       ------                        ----    -------   -------
    .\
       system_msp432p401r.obj        820     0         8      
       serialDebug.obj               428     0         22     
       circular_buffer.obj           436     0         0      
       startup_msp432p401r_ccs.obj   14      228       0      
       main.obj                      232     0         0      
    +--+-----------------------------+-------+---------+---------+
       Total:                        1930    228       30     
                                                              
    C:\ProgramData\App-V\883E8076-D99D-4911-93C4-940332A6BE1F\BFE39798-EFFD-4CAF-929B-E5A85FC35347\Root\ccs\tools\compiler\ti-cgt-arm_20.2.4.LTS\lib\rtsv7M4_T_le_v4SPD16_eabi.lib
       _printfi.c.obj                4851    0         0      
       defs.c.obj                    0       0         832    
       memory.c.obj                  672     0         16     
       trgmsg.c.obj                  108     0         576    
       fd_add_t2.asm.obj             438     0         0      
       host_device.c.obj             0       0         400    
       fd_div_t2.asm.obj             310     0         0      
       fputs.c.obj                   276     0         0      
       s_scalbn.c.obj                272     0         0      
       fd_cmp_t2.asm.obj             268     0         0      
       ctype.c.obj                   0       257       0      
       fd_mul_t2.asm.obj             252     0         0      
       setvbuf.c.obj                 220     0         0      
       memcpy_t2.asm.obj             156     0         0      
       ull_div_t2.asm.obj            150     0         0      
       memset_t2.asm.obj             122     0         0      
       fclose.c.obj                  116     0         0      
       getdevice.c.obj               116     0         0      
       hostopen.c.obj                96      0         16     
       printf.c.obj                  112     0         0      
       hostrename.c.obj              108     0         0      
       copy_decompress_lzss.c.obj    104     0         0      
       hostlseek.c.obj               104     0         0      
       exit.c.obj                    76      0         24     
       fseek.c.obj                   100     0         0      
       s_frexp.c.obj                 100     0         0      
       _io_perm.c.obj                98      0         0      
       close.c.obj                   92      0         0      
       hostread.c.obj                88      0         0      
       hostwrite.c.obj               88      0         0      
       _ltoa.c.obj                   84      0         0      
       atoi.c.obj                    76      0         0      
       fflush.c.obj                  76      0         0      
       fd_toi_t2.asm.obj             72      0         0      
       autoinit.c.obj                68      0         0      
       hostclose.c.obj               68      0         0      
       hostunlink.c.obj              68      0         0      
       u_divt2.asm.obj               64      0         0      
       strncpy.c.obj                 54      0         0      
       boot_cortex_m.c.obj           52      0         0      
       fopen.c.obj                   52      0         0      
       i_tofd_t2.asm.obj             46      0         0      
       unlink.c.obj                  44      0         0      
       lseek.c.obj                   40      0         0      
       write.c.obj                   40      0         0      
       memchr.c.obj                  32      0         0      
       copy_zero_init.c.obj          28      0         0      
       memccpy.c.obj                 28      0         0      
       s_copysign.c.obj              26      0         0      
       strcmp.c.obj                  24      0         0      
       strchr.c.obj                  22      0         0      
       strcpy.c.obj                  20      0         0      
       strlen.c.obj                  20      0         0      
       _lock.c.obj                   2       0         16     
       wcslen.c.obj                  18      0         0      
       errno.c.obj                   8       0         8      
       copy_decompress_none.c.obj    14      0         0      
       pre_init.c.obj                4       0         0      
       div0.asm.obj                  2       0         0      
    +--+-----------------------------+-------+---------+---------+
       Total:                        10645   257       1888   
                                                              
       Heap:                         0       0         2048   
       Stack:                        0       0         1024   
       Linker Generated:             0       144       0      
    +--+-----------------------------+-------+---------+---------+
       Grand Total:                  12575   629       4990   


LINKER GENERATED COPY TABLES

__TI_cinit_table @ 00003398 records: 2, size/record: 8, table size: 16
	.data: load addr=00003318, load size=0000006c bytes, run addr=20000400, run size=000001ec bytes, compression=lzss
	.bss: load addr=00003390, load size=00000008 bytes, run addr=200005ec, run size=000001d3 bytes, compression=zero_init


LINKER GENERATED HANDLER TABLE

__TI_handler_table @ 00003384 records: 3, size/record: 4, table size: 12
	index: 0, handler: __TI_decompress_lzss
	index: 1, handler: __TI_decompress_none
	index: 2, handler: __TI_zero_init


GLOBAL SYMBOLS: SORTED ALPHABETICALLY BY Name 

address   name                           
-------   ----                           
000031f1  ADC14_IRQHandler               
000031f1  AES256_IRQHandler              
200007be  ALERT_STRING                   
000031f1  BusFault_Handler               
00003211  C$$EXIT                        
00002eff  C$$IO$$                        
000031f1  COMP_E0_IRQHandler             
000031f1  COMP_E1_IRQHandler             
000031f1  CS_IRQHandler                  
000031f1  DMA_ERR_IRQHandler             
000031f1  DMA_INT0_IRQHandler            
000031f1  DMA_INT1_IRQHandler            
000031f1  DMA_INT2_IRQHandler            
000031f1  DMA_INT3_IRQHandler            
000031f1  DebugMon_Handler               
000031f1  Default_Handler                
000031f1  EUSCIA0_IRQHandler             
000031f1  EUSCIA1_IRQHandler             
000031f1  EUSCIA2_IRQHandler             
000031f1  EUSCIA3_IRQHandler             
000031f1  EUSCIB0_IRQHandler             
000031f1  EUSCIB1_IRQHandler             
000031f1  EUSCIB2_IRQHandler             
000031f1  EUSCIB3_IRQHandler             
00001707  EUSCI_IRQhandler               
000031f1  FLCTL_IRQHandler               
000031f1  FPU_IRQHandler                 
00002d41  HOSTclose                      
0000274d  HOSTlseek                      
000029b1  HOSTopen                       
00002a6d  HOSTread                       
000026e1  HOSTrename                     
00002d85  HOSTunlink                     
00002ac5  HOSTwrite                      
000031f1  HardFault_Handler              
000031f1  MemManage_Handler              
000031f1  NMI_Handler                    
000031f1  PCM_IRQHandler                 
000031f1  PORT1_IRQHandler               
000031f1  PORT2_IRQHandler               
000031f1  PORT3_IRQHandler               
000031f1  PORT4_IRQHandler               
000031f1  PORT5_IRQHandler               
000031f1  PORT6_IRQHandler               
000031f1  PSS_IRQHandler                 
000031f1  PendSV_Handler                 
000031f1  RTC_C_IRQHandler               
000031e5  Reset_Handler                  
200007bc  Rx_Char_Count                  
200007b4  Rx_String                      
000031f1  SVC_Handler                    
000031f1  SysTick_Handler                
200005e8  SystemCoreClock                
00000b35  SystemCoreClockUpdate          
00000dad  SystemInit                     
000031f1  T32_INT1_IRQHandler            
000031f1  T32_INT2_IRQHandler            
000031f1  T32_INTC_IRQHandler            
000031f1  TA0_0_IRQHandler               
000031f1  TA0_N_IRQHandler               
000031f1  TA1_0_IRQHandler               
000031f1  TA1_N_IRQHandler               
000031f1  TA2_0_IRQHandler               
000031f1  TA2_N_IRQHandler               
000031f1  TA3_0_IRQHandler               
000031f1  TA3_N_IRQHandler               
200007b8  Tx_Buffer                      
000031f1  UsageFault_Handler             
4000480c  WDTCTL_SYM                     
000031f1  WDT_A_IRQHandler               
200005ec  __CIOBUF_                      
20010000  __STACK_END                    
00000200  __STACK_SIZE                   
00000400  __SYSMEM_SIZE                  
00003398  __TI_CINIT_Base                
000033a8  __TI_CINIT_Limit               
00003384  __TI_Handler_Table_Base        
00003390  __TI_Handler_Table_Limit       
00002dc9  __TI_auto_init_nobinit_nopinit 
00002f41  __TI_cleanup                   
200005c8  __TI_cleanup_ptr               
0000258d  __TI_closefile                 
000027b5  __TI_decompress_lzss           
000031d7  __TI_decompress_none           
00002c19  __TI_doflush                   
200005cc  __TI_dtors_ptr                 
200005d0  __TI_enable_exit_profile_output
200005b8  __TI_ft_end                    
00002b73  __TI_ltoa                      
ffffffff  __TI_pprof_out_hndl            
000000e5  __TI_printfi                   
ffffffff  __TI_prof_data_size            
ffffffff  __TI_prof_data_start           
00002f75  __TI_readmsg                   
00000000  __TI_static_base__             
2000070c  __TI_tmpnams                   
00002ed1  __TI_writemsg                  
0000294d  __TI_wrt_ok                    
00003101  __TI_zero_init_nomemset        
00002405  __aeabi_cdcmpeq                
00002405  __aeabi_cdcmple                
0000248b  __aeabi_cdrcmple               
00002cf9  __aeabi_d2iz                   
000012b3  __aeabi_dadd                   
000018fd  __aeabi_ddiv                   
00001e7d  __aeabi_dmul                   
000012a9  __aeabi_dsub                   
000031f5  __aeabi_errno_addr             
0000300d  __aeabi_i2d                    
00001613  __aeabi_idiv0                  
00001613  __aeabi_ldiv0                  
00002511  __aeabi_memclr                 
00002511  __aeabi_memclr4                
00002511  __aeabi_memclr8                
000022d3  __aeabi_memcpy                 
000022d3  __aeabi_memcpy4                
000022d3  __aeabi_memcpy8                
00002513  __aeabi_memset                 
00002513  __aeabi_memset4                
00002513  __aeabi_memset8                
200005c4  __aeabi_stderr                 
200005bc  __aeabi_stdin                  
200005c0  __aeabi_stdout                 
00002e51  __aeabi_uidiv                  
00002e51  __aeabi_uidivmod               
0000236f  __aeabi_uldivmod               
ffffffff  __binit__                      
ffffffff  __c_args__                     
UNDEFED   __mpu_init                     
2000fe00  __stack                        
20000000  __start___llvm_prf_cnts        
20000000  __stop___llvm_prf_cnts         
00002fa9  _c_int00_noargs                
00003214  _ctypes_                       
200004f0  _device                        
20000400  _ftable                        
200005d4  _lock                          
00000b33  _nop                           
20000568  _stream                        
20000000  _sys_memory                    
UNDEFED   _system_post_cinit             
0000320d  _system_pre_init               
200005d8  _unlock                        
00003211  abort                          
00001d7d  aligned_alloc                  
00002c65  atoi                           
ffffffff  binit                          
000014a5  circular_buffer_add            
00001491  circular_buffer_delete         
0000150f  circular_buffer_empty          
0000152b  circular_buffer_full           
0000145f  circular_buffer_init           
000014db  circular_buffer_remove         
00001551  circular_buffer_test_0         
00002a11  close                          
00003155  copysign                       
00003155  copysignl                      
200005e4  errno                          
00002cb1  exit                           
00002fdd  finddevice                     
000016db  fputc                          
00001b59  fputs                          
00002061  free                           
00002885  frexp                          
00002885  frexpl                         
000028e9  fseek                          
00002e0d  getdevice                      
00000000  interruptVectors               
00001c6d  ldexp                          
00001c6d  ldexpl                         
00003091  lseek                          
00001f79  main                           
000031fd  malloc                         
00001d7d  memalign                       
00003139  memccpy                        
000030e1  memchr                         
000022d3  memcpy                         
00002519  memset                         
200007ac  parmbuf                        
0000281d  printf                         
0000303d  remove                         
00001c6d  scalbn                         
00001c6d  scalbnl                        
0000169f  serial_debug_init              
000016b1  serial_debug_put_string        
00002145  setvbuf                        
00003187  strchr                         
0000316f  strcmp                         
0000319d  strcpy                         
000031b1  strlen                         
00002f09  strncpy                        
0000303d  unlink                         
000031c5  wcslen                         
000030b9  write                          


GLOBAL SYMBOLS: SORTED BY Symbol Address 

address   name                           
-------   ----                           
00000000  __TI_static_base__             
00000000  interruptVectors               
000000e5  __TI_printfi                   
00000200  __STACK_SIZE                   
00000400  __SYSMEM_SIZE                  
00000b33  _nop                           
00000b35  SystemCoreClockUpdate          
00000dad  SystemInit                     
000012a9  __aeabi_dsub                   
000012b3  __aeabi_dadd                   
0000145f  circular_buffer_init           
00001491  circular_buffer_delete         
000014a5  circular_buffer_add            
000014db  circular_buffer_remove         
0000150f  circular_buffer_empty          
0000152b  circular_buffer_full           
00001551  circular_buffer_test_0         
00001613  __aeabi_idiv0                  
00001613  __aeabi_ldiv0                  
0000169f  serial_debug_init              
000016b1  serial_debug_put_string        
000016db  fputc                          
00001707  EUSCI_IRQhandler               
000018fd  __aeabi_ddiv                   
00001b59  fputs                          
00001c6d  ldexp                          
00001c6d  ldexpl                         
00001c6d  scalbn                         
00001c6d  scalbnl                        
00001d7d  aligned_alloc                  
00001d7d  memalign                       
00001e7d  __aeabi_dmul                   
00001f79  main                           
00002061  free                           
00002145  setvbuf                        
000022d3  __aeabi_memcpy                 
000022d3  __aeabi_memcpy4                
000022d3  __aeabi_memcpy8                
000022d3  memcpy                         
0000236f  __aeabi_uldivmod               
00002405  __aeabi_cdcmpeq                
00002405  __aeabi_cdcmple                
0000248b  __aeabi_cdrcmple               
00002511  __aeabi_memclr                 
00002511  __aeabi_memclr4                
00002511  __aeabi_memclr8                
00002513  __aeabi_memset                 
00002513  __aeabi_memset4                
00002513  __aeabi_memset8                
00002519  memset                         
0000258d  __TI_closefile                 
000026e1  HOSTrename                     
0000274d  HOSTlseek                      
000027b5  __TI_decompress_lzss           
0000281d  printf                         
00002885  frexp                          
00002885  frexpl                         
000028e9  fseek                          
0000294d  __TI_wrt_ok                    
000029b1  HOSTopen                       
00002a11  close                          
00002a6d  HOSTread                       
00002ac5  HOSTwrite                      
00002b73  __TI_ltoa                      
00002c19  __TI_doflush                   
00002c65  atoi                           
00002cb1  exit                           
00002cf9  __aeabi_d2iz                   
00002d41  HOSTclose                      
00002d85  HOSTunlink                     
00002dc9  __TI_auto_init_nobinit_nopinit 
00002e0d  getdevice                      
00002e51  __aeabi_uidiv                  
00002e51  __aeabi_uidivmod               
00002ed1  __TI_writemsg                  
00002eff  C$$IO$$                        
00002f09  strncpy                        
00002f41  __TI_cleanup                   
00002f75  __TI_readmsg                   
00002fa9  _c_int00_noargs                
00002fdd  finddevice                     
0000300d  __aeabi_i2d                    
0000303d  remove                         
0000303d  unlink                         
00003091  lseek                          
000030b9  write                          
000030e1  memchr                         
00003101  __TI_zero_init_nomemset        
00003139  memccpy                        
00003155  copysign                       
00003155  copysignl                      
0000316f  strcmp                         
00003187  strchr                         
0000319d  strcpy                         
000031b1  strlen                         
000031c5  wcslen                         
000031d7  __TI_decompress_none           
000031e5  Reset_Handler                  
000031f1  ADC14_IRQHandler               
000031f1  AES256_IRQHandler              
000031f1  BusFault_Handler               
000031f1  COMP_E0_IRQHandler             
000031f1  COMP_E1_IRQHandler             
000031f1  CS_IRQHandler                  
000031f1  DMA_ERR_IRQHandler             
000031f1  DMA_INT0_IRQHandler            
000031f1  DMA_INT1_IRQHandler            
000031f1  DMA_INT2_IRQHandler            
000031f1  DMA_INT3_IRQHandler            
000031f1  DebugMon_Handler               
000031f1  Default_Handler                
000031f1  EUSCIA0_IRQHandler             
000031f1  EUSCIA1_IRQHandler             
000031f1  EUSCIA2_IRQHandler             
000031f1  EUSCIA3_IRQHandler             
000031f1  EUSCIB0_IRQHandler             
000031f1  EUSCIB1_IRQHandler             
000031f1  EUSCIB2_IRQHandler             
000031f1  EUSCIB3_IRQHandler             
000031f1  FLCTL_IRQHandler               
000031f1  FPU_IRQHandler                 
000031f1  HardFault_Handler              
000031f1  MemManage_Handler              
000031f1  NMI_Handler                    
000031f1  PCM_IRQHandler                 
000031f1  PORT1_IRQHandler               
000031f1  PORT2_IRQHandler               
000031f1  PORT3_IRQHandler               
000031f1  PORT4_IRQHandler               
000031f1  PORT5_IRQHandler               
000031f1  PORT6_IRQHandler               
000031f1  PSS_IRQHandler                 
000031f1  PendSV_Handler                 
000031f1  RTC_C_IRQHandler               
000031f1  SVC_Handler                    
000031f1  SysTick_Handler                
000031f1  T32_INT1_IRQHandler            
000031f1  T32_INT2_IRQHandler            
000031f1  T32_INTC_IRQHandler            
000031f1  TA0_0_IRQHandler               
000031f1  TA0_N_IRQHandler               
000031f1  TA1_0_IRQHandler               
000031f1  TA1_N_IRQHandler               
000031f1  TA2_0_IRQHandler               
000031f1  TA2_N_IRQHandler               
000031f1  TA3_0_IRQHandler               
000031f1  TA3_N_IRQHandler               
000031f1  UsageFault_Handler             
000031f1  WDT_A_IRQHandler               
000031f5  __aeabi_errno_addr             
000031fd  malloc                         
0000320d  _system_pre_init               
00003211  C$$EXIT                        
00003211  abort                          
00003214  _ctypes_                       
00003384  __TI_Handler_Table_Base        
00003390  __TI_Handler_Table_Limit       
00003398  __TI_CINIT_Base                
000033a8  __TI_CINIT_Limit               
20000000  __start___llvm_prf_cnts        
20000000  __stop___llvm_prf_cnts         
20000000  _sys_memory                    
20000400  _ftable                        
200004f0  _device                        
20000568  _stream                        
200005b8  __TI_ft_end                    
200005bc  __aeabi_stdin                  
200005c0  __aeabi_stdout                 
200005c4  __aeabi_stderr                 
200005c8  __TI_cleanup_ptr               
200005cc  __TI_dtors_ptr                 
200005d0  __TI_enable_exit_profile_output
200005d4  _lock                          
200005d8  _unlock                        
200005e4  errno                          
200005e8  SystemCoreClock                
200005ec  __CIOBUF_                      
2000070c  __TI_tmpnams                   
200007ac  parmbuf                        
200007b4  Rx_String                      
200007b8  Tx_Buffer                      
200007bc  Rx_Char_Count                  
200007be  ALERT_STRING                   
2000fe00  __stack                        
20010000  __STACK_END                    
4000480c  WDTCTL_SYM                     
ffffffff  __TI_pprof_out_hndl            
ffffffff  __TI_prof_data_size            
ffffffff  __TI_prof_data_start           
ffffffff  __binit__                      
ffffffff  __c_args__                     
ffffffff  binit                          
UNDEFED   __mpu_init                     
UNDEFED   _system_post_cinit             

[194 symbols]
