******************************************************************************
                  TI ARM Linker PC v20.2.4                     
******************************************************************************
>> Linked Thu Mar 31 13:16:59 2022

OUTPUT FILE NAME:   <12-ice-i2c-opt3001.out>
ENTRY POINT SYMBOL: "_c_int00_noargs"  address: 00001041


MEMORY CONFIGURATION

         name            origin    length      used     unused   attr    fill
----------------------  --------  ---------  --------  --------  ----  --------
  MAIN                  00000000   00040000  000010b0  0003ef50  R  X
  INFO                  00200000   00004000  00000000  00004000  R  X
  SRAM_CODE             01000000   00010000  00000204  0000fdfc  RW X
  SRAM_DATA             20000000   00010000  00000204  0000fdfc  RW  


SEGMENT ALLOCATION MAP

run origin  load origin   length   init length attrs members
----------  ----------- ---------- ----------- ----- -------
00000000    00000000    000010b0   000010b0    r-x
  00000000    00000000    000000e4   000000e4    r-- .intvecs
  000000e4    000000e4    00000fb4   00000fb4    r-x .text
  00001098    00001098    00000018   00000018    r-- .cinit
20000000    20000000    00000004   00000000    rw-
  20000000    20000000    00000004   00000000    rw- .data
2000fe00    2000fe00    00000200   00000000    rw-
  2000fe00    2000fe00    00000200   00000000    rw- .stack


SECTION ALLOCATION MAP

 output                                  attributes/
section   page    origin      length       input sections
--------  ----  ----------  ----------   ----------------
.intvecs   0    00000000    000000e4     
                  00000000    000000e4     startup_msp432p401r_ccs.obj (.intvecs:retain)

.text      0    000000e4    00000fb4     
                  000000e4    00000670     ece353.obj (.text)
                  00000754    00000334     system_msp432p401r.obj (.text)
                  00000a88    000001ac     i2c.obj (.text)
                  00000c34    000000fc     rtsv7M4_T_le_v4SPD16_eabi.lib : fd_mul_t2.asm.obj (.text)
                  00000d30    0000009c                                   : memcpy_t2.asm.obj (.text)
                  00000dcc    00000090     main.obj (.text)
                  00000e5c    00000090     opt3001.obj (.text)
                  00000eec    0000006e     rtsv7M4_T_le_v4SPD16_eabi.lib : fd_tos_t2.asm.obj (.text)
                  00000f5a    00000068                                   : copy_decompress_lzss.c.obj (.text:decompress:lzss:__TI_decompress_lzss)
                  00000fc2    00000002     --HOLE-- [fill = 0]
                  00000fc4    00000044                                   : autoinit.c.obj (.text:__TI_auto_init_nobinit_nopinit:__TI_auto_init_nobinit_nopinit)
                  00001008    00000038                                   : fs_tod_t2.asm.obj (.text)
                  00001040    00000034                                   : boot_cortex_m.c.obj (.text:_c_int00_noargs:_c_int00_noargs)
                  00001074    0000000e                                   : copy_decompress_none.c.obj (.text:decompress:none:__TI_decompress_none)
                  00001082    0000000e     startup_msp432p401r_ccs.obj (.text)
                  00001090    00000004     rtsv7M4_T_le_v4SPD16_eabi.lib : pre_init.c.obj (.text:_system_pre_init)
                  00001094    00000004                                   : exit.c.obj (.text:abort:abort)

.cinit     0    00001098    00000018     
                  00001098    00000008     (.cinit..data.load) [load image, compression = lzss]
                  000010a0    00000008     (__TI_handler_table)
                  000010a8    00000008     (__TI_cinit_table)

.init_array 
*          0    00000000    00000000     UNINITIALIZED

.binit     0    00000000    00000000     

.data      0    20000000    00000004     UNINITIALIZED
                  20000000    00000004     system_msp432p401r.obj (.data)

.stack     0    2000fe00    00000200     UNINITIALIZED
                  2000fe00    00000004     rtsv7M4_T_le_v4SPD16_eabi.lib : boot_cortex_m.c.obj (.stack)
                  2000fe04    000001fc     --HOLE--

__llvm_prf_cnts 
*          0    20000000    00000000     UNINITIALIZED

MODULE SUMMARY

       Module                        code   ro data   rw data
       ------                        ----   -------   -------
    .\
       ece353.obj                    1648   0         0      
       system_msp432p401r.obj        820    0         8      
       i2c.obj                       428    0         0      
       startup_msp432p401r_ccs.obj   14     228       0      
       main.obj                      144    0         0      
       opt3001.obj                   144    0         0      
    +--+-----------------------------+------+---------+---------+
       Total:                        3198   228       8      
                                                             
    C:\ProgramData\App-V\883E8076-D99D-4911-93C4-940332A6BE1F\BFE39798-EFFD-4CAF-929B-E5A85FC35347\Root\ccs\tools\compiler\ti-cgt-arm_20.2.4.LTS\lib\rtsv7M4_T_le_v4SPD16_eabi.lib
       fd_mul_t2.asm.obj             252    0         0      
       memcpy_t2.asm.obj             156    0         0      
       fd_tos_t2.asm.obj             110    0         0      
       copy_decompress_lzss.c.obj    104    0         0      
       autoinit.c.obj                68     0         0      
       fs_tod_t2.asm.obj             56     0         0      
       boot_cortex_m.c.obj           52     0         0      
       copy_decompress_none.c.obj    14     0         0      
       exit.c.obj                    4      0         0      
       pre_init.c.obj                4      0         0      
    +--+-----------------------------+------+---------+---------+
       Total:                        820    0         0      
                                                             
       Stack:                        0      0         1024   
       Linker Generated:             0      24        0      
    +--+-----------------------------+------+---------+---------+
       Grand Total:                  4018   252       1032   


LINKER GENERATED COPY TABLES

__TI_cinit_table @ 000010a8 records: 1, size/record: 8, table size: 8
	.data: load addr=00001098, load size=00000008 bytes, run addr=20000000, run size=00000004 bytes, compression=lzss


LINKER GENERATED HANDLER TABLE

__TI_handler_table @ 000010a0 records: 2, size/record: 4, table size: 8
	index: 0, handler: __TI_decompress_lzss
	index: 1, handler: __TI_decompress_none


GLOBAL SYMBOLS: SORTED ALPHABETICALLY BY Name 

address   name                          
-------   ----                          
0000108f  ADC14_IRQHandler              
0000108f  AES256_IRQHandler             
0000108f  BusFault_Handler              
00001095  C$$EXIT                       
0000108f  COMP_E0_IRQHandler            
0000108f  COMP_E1_IRQHandler            
0000108f  CS_IRQHandler                 
0000108f  DMA_ERR_IRQHandler            
0000108f  DMA_INT0_IRQHandler           
0000108f  DMA_INT1_IRQHandler           
0000108f  DMA_INT2_IRQHandler           
0000108f  DMA_INT3_IRQHandler           
0000108f  DebugMon_Handler              
0000108f  Default_Handler               
0000108f  EUSCIA0_IRQHandler            
0000108f  EUSCIA1_IRQHandler            
0000108f  EUSCIA2_IRQHandler            
0000108f  EUSCIA3_IRQHandler            
0000108f  EUSCIB0_IRQHandler            
0000108f  EUSCIB1_IRQHandler            
0000108f  EUSCIB2_IRQHandler            
0000108f  EUSCIB3_IRQHandler            
0000108f  FLCTL_IRQHandler              
0000108f  FPU_IRQHandler                
0000108f  HardFault_Handler             
0000108f  MemManage_Handler             
0000108f  NMI_Handler                   
0000108f  PCM_IRQHandler                
0000108f  PORT1_IRQHandler              
0000108f  PORT2_IRQHandler              
0000108f  PORT3_IRQHandler              
0000108f  PORT4_IRQHandler              
0000108f  PORT5_IRQHandler              
0000108f  PORT6_IRQHandler              
0000108f  PSS_IRQHandler                
0000108f  PendSV_Handler                
0000108f  RTC_C_IRQHandler              
00001083  Reset_Handler                 
0000108f  SVC_Handler                   
0000108f  SysTick_Handler               
20000000  SystemCoreClock               
00000755  SystemCoreClockUpdate         
000009cd  SystemInit                    
0000108f  T32_INT1_IRQHandler           
0000108f  T32_INT2_IRQHandler           
0000108f  T32_INTC_IRQHandler           
0000108f  TA0_0_IRQHandler              
0000108f  TA0_N_IRQHandler              
0000108f  TA1_0_IRQHandler              
0000108f  TA1_N_IRQHandler              
0000108f  TA2_0_IRQHandler              
0000108f  TA2_N_IRQHandler              
0000108f  TA3_0_IRQHandler              
0000108f  TA3_N_IRQHandler              
0000108f  UsageFault_Handler            
4000480c  WDTCTL_SYM                    
0000108f  WDT_A_IRQHandler              
20010000  __STACK_END                   
00000200  __STACK_SIZE                  
000010a8  __TI_CINIT_Base               
000010b0  __TI_CINIT_Limit              
000010a0  __TI_Handler_Table_Base       
000010a8  __TI_Handler_Table_Limit      
00000fc5  __TI_auto_init_nobinit_nopinit
00000f5b  __TI_decompress_lzss          
00001075  __TI_decompress_none          
ffffffff  __TI_pprof_out_hndl           
ffffffff  __TI_prof_data_size           
ffffffff  __TI_prof_data_start          
00000000  __TI_static_base__            
00000eed  __aeabi_d2f                   
00000c35  __aeabi_dmul                  
00001009  __aeabi_f2d                   
00000d31  __aeabi_memcpy                
00000d31  __aeabi_memcpy4               
00000d31  __aeabi_memcpy8               
ffffffff  __binit__                     
ffffffff  __c_args__                    
UNDEFED   __mpu_init                    
2000fe00  __stack                       
20000000  __start___llvm_prf_cnts       
20000000  __stop___llvm_prf_cnts        
00001041  _c_int00_noargs               
UNDEFED   _system_post_cinit            
00001091  _system_pre_init              
00001095  abort                         
ffffffff  binit                         
00000dcd  display_lux                   
00000565  ece353_ADC14_PS2_X            
000005a7  ece353_ADC14_PS2_XY           
00000685  ece353_ADC14_PS2_XY_COMP      
000003d1  ece353_MKII_Buzzer_Init       
00000343  ece353_MKII_Buzzer_Off        
00000329  ece353_MKII_Buzzer_On         
00000351  ece353_MKII_Buzzer_Run_Status 
00000365  ece353_MKII_RGB_IO_Init       
0000060d  ece353_MKII_RGB_LED           
00000441  ece353_MKII_RGB_PWM           
00000309  ece353_MKII_S1                
000002f1  ece353_MKII_S1_Init           
00000319  ece353_MKII_S2                
000002fd  ece353_MKII_S2_Init           
0000051d  ece353_T32_1_Interrupt_Ms     
00000293  ece353_T32_1_wait_100mS       
000001ad  ece353_button1                
00000165  ece353_button1_init           
000002c5  ece353_button1_wait_for_press 
00000283  ece353_button2                
00000263  ece353_button2_init           
00000185  ece353_led1                   
0000014f  ece353_led1_init              
000001fb  ece353_rgb                    
000001bd  ece353_rgb_init               
00000b03  i2c_init                      
00000b9f  i2c_read_16                   
00000b43  i2c_write_16                  
00000000  interruptVectors              
00000e1f  main                          
00000d31  memcpy                        
00000e5d  opt3001_init                  
00000e6d  opt3001_read_lux              


GLOBAL SYMBOLS: SORTED BY Symbol Address 

address   name                          
-------   ----                          
00000000  __TI_static_base__            
00000000  interruptVectors              
0000014f  ece353_led1_init              
00000165  ece353_button1_init           
00000185  ece353_led1                   
000001ad  ece353_button1                
000001bd  ece353_rgb_init               
000001fb  ece353_rgb                    
00000200  __STACK_SIZE                  
00000263  ece353_button2_init           
00000283  ece353_button2                
00000293  ece353_T32_1_wait_100mS       
000002c5  ece353_button1_wait_for_press 
000002f1  ece353_MKII_S1_Init           
000002fd  ece353_MKII_S2_Init           
00000309  ece353_MKII_S1                
00000319  ece353_MKII_S2                
00000329  ece353_MKII_Buzzer_On         
00000343  ece353_MKII_Buzzer_Off        
00000351  ece353_MKII_Buzzer_Run_Status 
00000365  ece353_MKII_RGB_IO_Init       
000003d1  ece353_MKII_Buzzer_Init       
00000441  ece353_MKII_RGB_PWM           
0000051d  ece353_T32_1_Interrupt_Ms     
00000565  ece353_ADC14_PS2_X            
000005a7  ece353_ADC14_PS2_XY           
0000060d  ece353_MKII_RGB_LED           
00000685  ece353_ADC14_PS2_XY_COMP      
00000755  SystemCoreClockUpdate         
000009cd  SystemInit                    
00000b03  i2c_init                      
00000b43  i2c_write_16                  
00000b9f  i2c_read_16                   
00000c35  __aeabi_dmul                  
00000d31  __aeabi_memcpy                
00000d31  __aeabi_memcpy4               
00000d31  __aeabi_memcpy8               
00000d31  memcpy                        
00000dcd  display_lux                   
00000e1f  main                          
00000e5d  opt3001_init                  
00000e6d  opt3001_read_lux              
00000eed  __aeabi_d2f                   
00000f5b  __TI_decompress_lzss          
00000fc5  __TI_auto_init_nobinit_nopinit
00001009  __aeabi_f2d                   
00001041  _c_int00_noargs               
00001075  __TI_decompress_none          
00001083  Reset_Handler                 
0000108f  ADC14_IRQHandler              
0000108f  AES256_IRQHandler             
0000108f  BusFault_Handler              
0000108f  COMP_E0_IRQHandler            
0000108f  COMP_E1_IRQHandler            
0000108f  CS_IRQHandler                 
0000108f  DMA_ERR_IRQHandler            
0000108f  DMA_INT0_IRQHandler           
0000108f  DMA_INT1_IRQHandler           
0000108f  DMA_INT2_IRQHandler           
0000108f  DMA_INT3_IRQHandler           
0000108f  DebugMon_Handler              
0000108f  Default_Handler               
0000108f  EUSCIA0_IRQHandler            
0000108f  EUSCIA1_IRQHandler            
0000108f  EUSCIA2_IRQHandler            
0000108f  EUSCIA3_IRQHandler            
0000108f  EUSCIB0_IRQHandler            
0000108f  EUSCIB1_IRQHandler            
0000108f  EUSCIB2_IRQHandler            
0000108f  EUSCIB3_IRQHandler            
0000108f  FLCTL_IRQHandler              
0000108f  FPU_IRQHandler                
0000108f  HardFault_Handler             
0000108f  MemManage_Handler             
0000108f  NMI_Handler                   
0000108f  PCM_IRQHandler                
0000108f  PORT1_IRQHandler              
0000108f  PORT2_IRQHandler              
0000108f  PORT3_IRQHandler              
0000108f  PORT4_IRQHandler              
0000108f  PORT5_IRQHandler              
0000108f  PORT6_IRQHandler              
0000108f  PSS_IRQHandler                
0000108f  PendSV_Handler                
0000108f  RTC_C_IRQHandler              
0000108f  SVC_Handler                   
0000108f  SysTick_Handler               
0000108f  T32_INT1_IRQHandler           
0000108f  T32_INT2_IRQHandler           
0000108f  T32_INTC_IRQHandler           
0000108f  TA0_0_IRQHandler              
0000108f  TA0_N_IRQHandler              
0000108f  TA1_0_IRQHandler              
0000108f  TA1_N_IRQHandler              
0000108f  TA2_0_IRQHandler              
0000108f  TA2_N_IRQHandler              
0000108f  TA3_0_IRQHandler              
0000108f  TA3_N_IRQHandler              
0000108f  UsageFault_Handler            
0000108f  WDT_A_IRQHandler              
00001091  _system_pre_init              
00001095  C$$EXIT                       
00001095  abort                         
000010a0  __TI_Handler_Table_Base       
000010a8  __TI_CINIT_Base               
000010a8  __TI_Handler_Table_Limit      
000010b0  __TI_CINIT_Limit              
20000000  SystemCoreClock               
20000000  __start___llvm_prf_cnts       
20000000  __stop___llvm_prf_cnts        
2000fe00  __stack                       
20010000  __STACK_END                   
4000480c  WDTCTL_SYM                    
ffffffff  __TI_pprof_out_hndl           
ffffffff  __TI_prof_data_size           
ffffffff  __TI_prof_data_start          
ffffffff  __binit__                     
ffffffff  __c_args__                    
ffffffff  binit                         
UNDEFED   __mpu_init                    
UNDEFED   _system_post_cinit            

[121 symbols]
