******************************************************************************
                  TI ARM Linker PC v20.2.4                     
******************************************************************************
>> Linked Thu Feb 17 19:05:25 2022

OUTPUT FILE NAME:   <05-ICE-Interrupts.out>
ENTRY POINT SYMBOL: "_c_int00_noargs"  address: 00000bbd


MEMORY CONFIGURATION

         name            origin    length      used     unused   attr    fill
----------------------  --------  ---------  --------  --------  ----  --------
  MAIN                  00000000   00040000  00000c34  0003f3cc  R  X
  INFO                  00200000   00004000  00000000  00004000  R  X
  SRAM_CODE             01000000   00010000  0000020c  0000fdf4  RW X
  SRAM_DATA             20000000   00010000  0000020c  0000fdf4  RW  


SEGMENT ALLOCATION MAP

run origin  load origin   length   init length attrs members
----------  ----------- ---------- ----------- ----- -------
00000000    00000000    00000c38   00000c38    r-x
  00000000    00000000    000000e4   000000e4    r-- .intvecs
  000000e4    000000e4    00000b30   00000b30    r-x .text
  00000c18    00000c18    00000020   00000020    r-- .cinit
20000000    20000000    0000000c   00000000    rw-
  20000000    20000000    0000000c   00000000    rw- .data
2000fe00    2000fe00    00000200   00000000    rw-
  2000fe00    2000fe00    00000200   00000000    rw- .stack


SECTION ALLOCATION MAP

 output                                  attributes/
section   page    origin      length       input sections
--------  ----  ----------  ----------   ----------------
.intvecs   0    00000000    000000e4     
                  00000000    000000e4     startup_msp432p401r_ccs.obj (.intvecs:retain)

.text      0    000000e4    00000b30     
                  000000e4    000004dc     ece353.obj (.text)
                  000005c0    00000334     system_msp432p401r.obj (.text)
                  000008f4    0000012c     interrupts.obj (.text)
                  00000a20    0000009c     rtsv7M4_T_le_v4SPD16_eabi.lib : memcpy_t2.asm.obj (.text)
                  00000abc    00000068                                   : copy_decompress_lzss.c.obj (.text:decompress:lzss:__TI_decompress_lzss)
                  00000b24    00000054     main.obj (.text)
                  00000b78    00000044     rtsv7M4_T_le_v4SPD16_eabi.lib : autoinit.c.obj (.text:__TI_auto_init_nobinit_nopinit:__TI_auto_init_nobinit_nopinit)
                  00000bbc    00000034                                   : boot_cortex_m.c.obj (.text:_c_int00_noargs:_c_int00_noargs)
                  00000bf0    0000000e                                   : copy_decompress_none.c.obj (.text:decompress:none:__TI_decompress_none)
                  00000bfe    0000000e     startup_msp432p401r_ccs.obj (.text)
                  00000c0c    00000004     rtsv7M4_T_le_v4SPD16_eabi.lib : pre_init.c.obj (.text:_system_pre_init)
                  00000c10    00000004                                   : exit.c.obj (.text:abort:abort)

.cinit     0    00000c18    00000020     
                  00000c18    00000010     (.cinit..data.load) [load image, compression = lzss]
                  00000c28    00000008     (__TI_handler_table)
                  00000c30    00000008     (__TI_cinit_table)

.init_array 
*          0    00000000    00000000     UNINITIALIZED

.binit     0    00000000    00000000     

.data      0    20000000    0000000c     UNINITIALIZED
                  20000000    00000008     interrupts.obj (.data)
                  20000008    00000004     system_msp432p401r.obj (.data)

.stack     0    2000fe00    00000200     UNINITIALIZED
                  2000fe00    00000004     rtsv7M4_T_le_v4SPD16_eabi.lib : boot_cortex_m.c.obj (.stack)
                  2000fe04    000001fc     --HOLE--

__llvm_prf_cnts 
*          0    20000000    00000000     UNINITIALIZED

MODULE SUMMARY

       Module                        code   ro data   rw data
       ------                        ----   -------   -------
    .\
       ece353.obj                    1244   0         0      
       system_msp432p401r.obj        820    0         8      
       interrupts.obj                300    0         16     
       startup_msp432p401r_ccs.obj   14     228       0      
       main.obj                      84     0         0      
    +--+-----------------------------+------+---------+---------+
       Total:                        2462   228       24     
                                                             
    C:\ProgramData\App-V\883E8076-D99D-4911-93C4-940332A6BE1F\BFE39798-EFFD-4CAF-929B-E5A85FC35347\Root\ccs\tools\compiler\ti-cgt-arm_20.2.4.LTS\lib\rtsv7M4_T_le_v4SPD16_eabi.lib
       memcpy_t2.asm.obj             156    0         0      
       copy_decompress_lzss.c.obj    104    0         0      
       autoinit.c.obj                68     0         0      
       boot_cortex_m.c.obj           52     0         0      
       copy_decompress_none.c.obj    14     0         0      
       exit.c.obj                    4      0         0      
       pre_init.c.obj                4      0         0      
    +--+-----------------------------+------+---------+---------+
       Total:                        402    0         0      
                                                             
       Stack:                        0      0         1024   
       Linker Generated:             0      32        0      
    +--+-----------------------------+------+---------+---------+
       Grand Total:                  2864   260       1048   


LINKER GENERATED COPY TABLES

__TI_cinit_table @ 00000c30 records: 1, size/record: 8, table size: 8
	.data: load addr=00000c18, load size=00000010 bytes, run addr=20000000, run size=0000000c bytes, compression=lzss


LINKER GENERATED HANDLER TABLE

__TI_handler_table @ 00000c28 records: 2, size/record: 4, table size: 8
	index: 0, handler: __TI_decompress_lzss
	index: 1, handler: __TI_decompress_none


GLOBAL SYMBOLS: SORTED ALPHABETICALLY BY Name 

address   name                          
-------   ----                          
00000c0b  ADC14_IRQHandler              
00000c0b  AES256_IRQHandler             
20000000  ALERT_S1_PRESSED              
20000001  ALERT_S1_PRESSED_10           
00000c0b  BusFault_Handler              
00000c11  C$$EXIT                       
00000c0b  COMP_E0_IRQHandler            
00000c0b  COMP_E1_IRQHandler            
00000c0b  CS_IRQHandler                 
00000c0b  DMA_ERR_IRQHandler            
00000c0b  DMA_INT0_IRQHandler           
00000c0b  DMA_INT1_IRQHandler           
00000c0b  DMA_INT2_IRQHandler           
00000c0b  DMA_INT3_IRQHandler           
00000c0b  DebugMon_Handler              
00000c0b  Default_Handler               
00000c0b  EUSCIA0_IRQHandler            
00000c0b  EUSCIA1_IRQHandler            
00000c0b  EUSCIA2_IRQHandler            
00000c0b  EUSCIA3_IRQHandler            
00000c0b  EUSCIB0_IRQHandler            
00000c0b  EUSCIB1_IRQHandler            
00000c0b  EUSCIB2_IRQHandler            
00000c0b  EUSCIB3_IRQHandler            
00000c0b  FLCTL_IRQHandler              
00000c0b  FPU_IRQHandler                
00000c0b  HardFault_Handler             
00000c0b  MemManage_Handler             
00000c0b  NMI_Handler                   
00000c0b  PCM_IRQHandler                
00000c0b  PORT1_IRQHandler              
00000c0b  PORT2_IRQHandler              
00000c0b  PORT3_IRQHandler              
00000c0b  PORT4_IRQHandler              
000009cb  PORT5_IRQHandler              
000009cb  PORT5_IRQHandler              
00000c0b  PORT6_IRQHandler              
00000c0b  PSS_IRQHandler                
00000c0b  PendSV_Handler                
00000c0b  RTC_C_IRQHandler              
00000bff  Reset_Handler                 
00000c0b  SVC_Handler                   
00000c0b  SysTick_Handler               
20000008  SystemCoreClock               
000005c1  SystemCoreClockUpdate         
00000839  SystemInit                    
0000095f  T32_INT1_IRQHandler           
0000095f  T32_INT1_IRQHandler           
00000c0b  T32_INT2_IRQHandler           
00000c0b  T32_INTC_IRQHandler           
00000c0b  TA0_0_IRQHandler              
00000c0b  TA0_N_IRQHandler              
00000c0b  TA1_0_IRQHandler              
00000c0b  TA1_N_IRQHandler              
00000c0b  TA2_0_IRQHandler              
00000c0b  TA2_N_IRQHandler              
00000c0b  TA3_0_IRQHandler              
00000c0b  TA3_N_IRQHandler              
00000c0b  UsageFault_Handler            
4000480c  WDTCTL_SYM                    
00000c0b  WDT_A_IRQHandler              
20010000  __STACK_END                   
00000200  __STACK_SIZE                  
00000c30  __TI_CINIT_Base               
00000c38  __TI_CINIT_Limit              
00000c28  __TI_Handler_Table_Base       
00000c30  __TI_Handler_Table_Limit      
00000b79  __TI_auto_init_nobinit_nopinit
00000abd  __TI_decompress_lzss          
00000bf1  __TI_decompress_none          
ffffffff  __TI_pprof_out_hndl           
ffffffff  __TI_prof_data_size           
ffffffff  __TI_prof_data_start          
00000000  __TI_static_base__            
00000a21  __aeabi_memcpy                
00000a21  __aeabi_memcpy4               
00000a21  __aeabi_memcpy8               
ffffffff  __binit__                     
ffffffff  __c_args__                    
UNDEFED   __mpu_init                    
2000fe00  __stack                       
20000000  __start___llvm_prf_cnts       
20000000  __stop___llvm_prf_cnts        
00000bbd  _c_int00_noargs               
UNDEFED   _system_post_cinit            
00000c0d  _system_pre_init              
00000c11  abort                         
ffffffff  binit                         
000003d1  ece353_MKII_Buzzer_Init       
00000343  ece353_MKII_Buzzer_Off        
00000329  ece353_MKII_Buzzer_On         
00000351  ece353_MKII_Buzzer_Run_Status 
00000365  ece353_MKII_RGB_IO_Init       
00000441  ece353_MKII_RGB_PWM           
00000309  ece353_MKII_S1                
000002f1  ece353_MKII_S1_Init           
00000319  ece353_MKII_S2                
000002fd  ece353_MKII_S2_Init           
0000051d  ece353_T32_1_Interrupt_Ms     
00000293  ece353_T32_1_wait_100mS       
000001ad  ece353_button1                
00000165  ece353_button1_init           
000002c5  ece353_button1_wait_for_press 
00000283  ece353_button2                
00000263  ece353_button2_init           
00000185  ece353_led1                   
0000014f  ece353_led1_init              
000001fb  ece353_rgb                    
000001bd  ece353_rgb_init               
00000999  ice05_init_s1                 
00000000  interruptVectors              
00000b25  main                          
00000a21  memcpy                        


GLOBAL SYMBOLS: SORTED BY Symbol Address 

address   name                          
-------   ----                          
00000000  __TI_static_base__            
00000000  interruptVectors              
0000014f  ece353_led1_init              
00000165  ece353_button1_init           
00000185  ece353_led1                   
000001ad  ece353_button1                
000001bd  ece353_rgb_init               
000001fb  ece353_rgb                    
00000200  __STACK_SIZE                  
00000263  ece353_button2_init           
00000283  ece353_button2                
00000293  ece353_T32_1_wait_100mS       
000002c5  ece353_button1_wait_for_press 
000002f1  ece353_MKII_S1_Init           
000002fd  ece353_MKII_S2_Init           
00000309  ece353_MKII_S1                
00000319  ece353_MKII_S2                
00000329  ece353_MKII_Buzzer_On         
00000343  ece353_MKII_Buzzer_Off        
00000351  ece353_MKII_Buzzer_Run_Status 
00000365  ece353_MKII_RGB_IO_Init       
000003d1  ece353_MKII_Buzzer_Init       
00000441  ece353_MKII_RGB_PWM           
0000051d  ece353_T32_1_Interrupt_Ms     
000005c1  SystemCoreClockUpdate         
00000839  SystemInit                    
0000095f  T32_INT1_IRQHandler           
0000095f  T32_INT1_IRQHandler           
00000999  ice05_init_s1                 
000009cb  PORT5_IRQHandler              
000009cb  PORT5_IRQHandler              
00000a21  __aeabi_memcpy                
00000a21  __aeabi_memcpy4               
00000a21  __aeabi_memcpy8               
00000a21  memcpy                        
00000abd  __TI_decompress_lzss          
00000b25  main                          
00000b79  __TI_auto_init_nobinit_nopinit
00000bbd  _c_int00_noargs               
00000bf1  __TI_decompress_none          
00000bff  Reset_Handler                 
00000c0b  ADC14_IRQHandler              
00000c0b  AES256_IRQHandler             
00000c0b  BusFault_Handler              
00000c0b  COMP_E0_IRQHandler            
00000c0b  COMP_E1_IRQHandler            
00000c0b  CS_IRQHandler                 
00000c0b  DMA_ERR_IRQHandler            
00000c0b  DMA_INT0_IRQHandler           
00000c0b  DMA_INT1_IRQHandler           
00000c0b  DMA_INT2_IRQHandler           
00000c0b  DMA_INT3_IRQHandler           
00000c0b  DebugMon_Handler              
00000c0b  Default_Handler               
00000c0b  EUSCIA0_IRQHandler            
00000c0b  EUSCIA1_IRQHandler            
00000c0b  EUSCIA2_IRQHandler            
00000c0b  EUSCIA3_IRQHandler            
00000c0b  EUSCIB0_IRQHandler            
00000c0b  EUSCIB1_IRQHandler            
00000c0b  EUSCIB2_IRQHandler            
00000c0b  EUSCIB3_IRQHandler            
00000c0b  FLCTL_IRQHandler              
00000c0b  FPU_IRQHandler                
00000c0b  HardFault_Handler             
00000c0b  MemManage_Handler             
00000c0b  NMI_Handler                   
00000c0b  PCM_IRQHandler                
00000c0b  PORT1_IRQHandler              
00000c0b  PORT2_IRQHandler              
00000c0b  PORT3_IRQHandler              
00000c0b  PORT4_IRQHandler              
00000c0b  PORT6_IRQHandler              
00000c0b  PSS_IRQHandler                
00000c0b  PendSV_Handler                
00000c0b  RTC_C_IRQHandler              
00000c0b  SVC_Handler                   
00000c0b  SysTick_Handler               
00000c0b  T32_INT2_IRQHandler           
00000c0b  T32_INTC_IRQHandler           
00000c0b  TA0_0_IRQHandler              
00000c0b  TA0_N_IRQHandler              
00000c0b  TA1_0_IRQHandler              
00000c0b  TA1_N_IRQHandler              
00000c0b  TA2_0_IRQHandler              
00000c0b  TA2_N_IRQHandler              
00000c0b  TA3_0_IRQHandler              
00000c0b  TA3_N_IRQHandler              
00000c0b  UsageFault_Handler            
00000c0b  WDT_A_IRQHandler              
00000c0d  _system_pre_init              
00000c11  C$$EXIT                       
00000c11  abort                         
00000c28  __TI_Handler_Table_Base       
00000c30  __TI_CINIT_Base               
00000c30  __TI_Handler_Table_Limit      
00000c38  __TI_CINIT_Limit              
20000000  ALERT_S1_PRESSED              
20000000  __start___llvm_prf_cnts       
20000000  __stop___llvm_prf_cnts        
20000001  ALERT_S1_PRESSED_10           
20000008  SystemCoreClock               
2000fe00  __stack                       
20010000  __STACK_END                   
4000480c  WDTCTL_SYM                    
ffffffff  __TI_pprof_out_hndl           
ffffffff  __TI_prof_data_size           
ffffffff  __TI_prof_data_start          
ffffffff  __binit__                     
ffffffff  __c_args__                    
ffffffff  binit                         
UNDEFED   __mpu_init                    
UNDEFED   _system_post_cinit            

[113 symbols]
