******************************************************************************
                  TI ARM Linker PC v20.2.4                     
******************************************************************************
>> Linked Mon Feb 21 08:50:44 2022

OUTPUT FILE NAME:   <07-Analog-Input.out>
ENTRY POINT SYMBOL: "_c_int00_noargs"  address: 00000c51


MEMORY CONFIGURATION

         name            origin    length      used     unused   attr    fill
----------------------  --------  ---------  --------  --------  ----  --------
  MAIN                  00000000   00040000  00000cc4  0003f33c  R  X
  INFO                  00200000   00004000  00000000  00004000  R  X
  SRAM_CODE             01000000   00010000  0000020c  0000fdf4  RW X
  SRAM_DATA             20000000   00010000  0000020c  0000fdf4  RW  


SEGMENT ALLOCATION MAP

run origin  load origin   length   init length attrs members
----------  ----------- ---------- ----------- ----- -------
00000000    00000000    00000cc4   00000cc4    r-x
  00000000    00000000    000000e4   000000e4    r-- .intvecs
  000000e4    000000e4    00000bc4   00000bc4    r-x .text
  00000ca8    00000ca8    0000001c   0000001c    r-- .cinit
20000000    20000000    0000000c   00000000    rw-
  20000000    20000000    0000000c   00000000    rw- .data
2000fe00    2000fe00    00000200   00000000    rw-
  2000fe00    2000fe00    00000200   00000000    rw- .stack


SECTION ALLOCATION MAP

 output                                  attributes/
section   page    origin      length       input sections
--------  ----  ----------  ----------   ----------------
.intvecs   0    00000000    000000e4     
                  00000000    000000e4     startup_msp432p401r_ccs.obj (.intvecs:retain)

.text      0    000000e4    00000bc4     
                  000000e4    00000610     ece353.obj (.text)
                  000006f4    00000334     system_msp432p401r.obj (.text)
                  00000a28    000000a4     main.obj (.text)
                  00000acc    0000009c     rtsv7M4_T_le_v4SPD16_eabi.lib : memcpy_t2.asm.obj (.text)
                  00000b68    00000068                                   : copy_decompress_lzss.c.obj (.text:decompress:lzss:__TI_decompress_lzss)
                  00000bd0    00000044                                   : autoinit.c.obj (.text:__TI_auto_init_nobinit_nopinit:__TI_auto_init_nobinit_nopinit)
                  00000c14    0000003c     interrupts.obj (.text)
                  00000c50    00000034     rtsv7M4_T_le_v4SPD16_eabi.lib : boot_cortex_m.c.obj (.text:_c_int00_noargs:_c_int00_noargs)
                  00000c84    0000000e                                   : copy_decompress_none.c.obj (.text:decompress:none:__TI_decompress_none)
                  00000c92    0000000e     startup_msp432p401r_ccs.obj (.text)
                  00000ca0    00000004     rtsv7M4_T_le_v4SPD16_eabi.lib : pre_init.c.obj (.text:_system_pre_init)
                  00000ca4    00000004                                   : exit.c.obj (.text:abort:abort)

.cinit     0    00000ca8    0000001c     
                  00000ca8    0000000b     (.cinit..data.load) [load image, compression = lzss]
                  00000cb3    00000001     --HOLE-- [fill = 0]
                  00000cb4    00000008     (__TI_handler_table)
                  00000cbc    00000008     (__TI_cinit_table)

.init_array 
*          0    00000000    00000000     UNINITIALIZED

.binit     0    00000000    00000000     

.data      0    20000000    0000000c     UNINITIALIZED
                  20000000    00000008     interrupts.obj (.data)
                  20000008    00000004     system_msp432p401r.obj (.data)

.stack     0    2000fe00    00000200     UNINITIALIZED
                  2000fe00    00000004     rtsv7M4_T_le_v4SPD16_eabi.lib : boot_cortex_m.c.obj (.stack)
                  2000fe04    000001fc     --HOLE--

__llvm_prf_cnts 
*          0    20000000    00000000     UNINITIALIZED

MODULE SUMMARY

       Module                        code   ro data   rw data
       ------                        ----   -------   -------
    .\
       ece353.obj                    1552   0         0      
       system_msp432p401r.obj        820    0         8      
       startup_msp432p401r_ccs.obj   14     228       0      
       main.obj                      164    0         0      
       interrupts.obj                60     0         16     
    +--+-----------------------------+------+---------+---------+
       Total:                        2610   228       24     
                                                             
    C:\ProgramData\App-V\883E8076-D99D-4911-93C4-940332A6BE1F\BFE39798-EFFD-4CAF-929B-E5A85FC35347\Root\ccs\tools\compiler\ti-cgt-arm_20.2.4.LTS\lib\rtsv7M4_T_le_v4SPD16_eabi.lib
       memcpy_t2.asm.obj             156    0         0      
       copy_decompress_lzss.c.obj    104    0         0      
       autoinit.c.obj                68     0         0      
       boot_cortex_m.c.obj           52     0         0      
       copy_decompress_none.c.obj    14     0         0      
       exit.c.obj                    4      0         0      
       pre_init.c.obj                4      0         0      
    +--+-----------------------------+------+---------+---------+
       Total:                        402    0         0      
                                                             
       Stack:                        0      0         1024   
       Linker Generated:             0      27        0      
    +--+-----------------------------+------+---------+---------+
       Grand Total:                  3012   255       1048   


LINKER GENERATED COPY TABLES

__TI_cinit_table @ 00000cbc records: 1, size/record: 8, table size: 8
	.data: load addr=00000ca8, load size=0000000b bytes, run addr=20000000, run size=0000000c bytes, compression=lzss


LINKER GENERATED HANDLER TABLE

__TI_handler_table @ 00000cb4 records: 2, size/record: 4, table size: 8
	index: 0, handler: __TI_decompress_lzss
	index: 1, handler: __TI_decompress_none


GLOBAL SYMBOLS: SORTED ALPHABETICALLY BY Name 

address   name                          
-------   ----                          
00000c27  ADC14_IRQHandler              
00000c27  ADC14_IRQHandler              
00000c9f  AES256_IRQHandler             
00000c9f  BusFault_Handler              
00000ca5  C$$EXIT                       
00000c9f  COMP_E0_IRQHandler            
00000c9f  COMP_E1_IRQHandler            
00000c9f  CS_IRQHandler                 
00000c9f  DMA_ERR_IRQHandler            
00000c9f  DMA_INT0_IRQHandler           
00000c9f  DMA_INT1_IRQHandler           
00000c9f  DMA_INT2_IRQHandler           
00000c9f  DMA_INT3_IRQHandler           
00000c9f  DebugMon_Handler              
00000c9f  Default_Handler               
00000c9f  EUSCIA0_IRQHandler            
00000c9f  EUSCIA1_IRQHandler            
00000c9f  EUSCIA2_IRQHandler            
00000c9f  EUSCIA3_IRQHandler            
00000c9f  EUSCIB0_IRQHandler            
00000c9f  EUSCIB1_IRQHandler            
00000c9f  EUSCIB2_IRQHandler            
00000c9f  EUSCIB3_IRQHandler            
00000c9f  FLCTL_IRQHandler              
00000c9f  FPU_IRQHandler                
00000c9f  HardFault_Handler             
20000000  JOYSTICK_X_DIR                
20000004  JOYSTICK_Y_DIR                
00000c9f  MemManage_Handler             
00000c9f  NMI_Handler                   
00000c9f  PCM_IRQHandler                
00000c9f  PORT1_IRQHandler              
00000c9f  PORT2_IRQHandler              
00000c9f  PORT3_IRQHandler              
00000c9f  PORT4_IRQHandler              
00000c9f  PORT5_IRQHandler              
00000c9f  PORT6_IRQHandler              
00000c9f  PSS_IRQHandler                
00000c9f  PendSV_Handler                
00000c9f  RTC_C_IRQHandler              
00000c93  Reset_Handler                 
00000c9f  SVC_Handler                   
00000c9f  SysTick_Handler               
20000008  SystemCoreClock               
000006f5  SystemCoreClockUpdate         
0000096d  SystemInit                    
00000c15  T32_INT1_IRQHandler           
00000c15  T32_INT1_IRQHandler           
00000c9f  T32_INT2_IRQHandler           
00000c9f  T32_INTC_IRQHandler           
00000c9f  TA0_0_IRQHandler              
00000c9f  TA0_N_IRQHandler              
00000c9f  TA1_0_IRQHandler              
00000c9f  TA1_N_IRQHandler              
00000c9f  TA2_0_IRQHandler              
00000c9f  TA2_N_IRQHandler              
00000c9f  TA3_0_IRQHandler              
00000c9f  TA3_N_IRQHandler              
00000c9f  UsageFault_Handler            
4000480c  WDTCTL_SYM                    
00000c9f  WDT_A_IRQHandler              
20010000  __STACK_END                   
00000200  __STACK_SIZE                  
00000cbc  __TI_CINIT_Base               
00000cc4  __TI_CINIT_Limit              
00000cb4  __TI_Handler_Table_Base       
00000cbc  __TI_Handler_Table_Limit      
00000bd1  __TI_auto_init_nobinit_nopinit
00000b69  __TI_decompress_lzss          
00000c85  __TI_decompress_none          
ffffffff  __TI_pprof_out_hndl           
ffffffff  __TI_prof_data_size           
ffffffff  __TI_prof_data_start          
00000000  __TI_static_base__            
00000acd  __aeabi_memcpy                
00000acd  __aeabi_memcpy4               
00000acd  __aeabi_memcpy8               
ffffffff  __binit__                     
ffffffff  __c_args__                    
UNDEFED   __mpu_init                    
2000fe00  __stack                       
20000000  __start___llvm_prf_cnts       
20000000  __stop___llvm_prf_cnts        
00000c51  _c_int00_noargs               
UNDEFED   _system_post_cinit            
00000ca1  _system_pre_init              
00000ca5  abort                         
ffffffff  binit                         
00000565  ece353_ADC14_PS2_X            
000005a7  ece353_ADC14_PS2_XY           
000003d1  ece353_MKII_Buzzer_Init       
00000343  ece353_MKII_Buzzer_Off        
00000329  ece353_MKII_Buzzer_On         
00000351  ece353_MKII_Buzzer_Run_Status 
00000365  ece353_MKII_RGB_IO_Init       
0000060d  ece353_MKII_RGB_LED           
00000441  ece353_MKII_RGB_PWM           
00000309  ece353_MKII_S1                
000002f1  ece353_MKII_S1_Init           
00000319  ece353_MKII_S2                
000002fd  ece353_MKII_S2_Init           
0000051d  ece353_T32_1_Interrupt_Ms     
00000293  ece353_T32_1_wait_100mS       
000001ad  ece353_button1                
00000165  ece353_button1_init           
000002c5  ece353_button1_wait_for_press 
00000283  ece353_button2                
00000263  ece353_button2_init           
00000185  ece353_led1                   
0000014f  ece353_led1_init              
000001fb  ece353_rgb                    
000001bd  ece353_rgb_init               
00000000  interruptVectors              
00000a29  main                          
00000acd  memcpy                        


GLOBAL SYMBOLS: SORTED BY Symbol Address 

address   name                          
-------   ----                          
00000000  __TI_static_base__            
00000000  interruptVectors              
0000014f  ece353_led1_init              
00000165  ece353_button1_init           
00000185  ece353_led1                   
000001ad  ece353_button1                
000001bd  ece353_rgb_init               
000001fb  ece353_rgb                    
00000200  __STACK_SIZE                  
00000263  ece353_button2_init           
00000283  ece353_button2                
00000293  ece353_T32_1_wait_100mS       
000002c5  ece353_button1_wait_for_press 
000002f1  ece353_MKII_S1_Init           
000002fd  ece353_MKII_S2_Init           
00000309  ece353_MKII_S1                
00000319  ece353_MKII_S2                
00000329  ece353_MKII_Buzzer_On         
00000343  ece353_MKII_Buzzer_Off        
00000351  ece353_MKII_Buzzer_Run_Status 
00000365  ece353_MKII_RGB_IO_Init       
000003d1  ece353_MKII_Buzzer_Init       
00000441  ece353_MKII_RGB_PWM           
0000051d  ece353_T32_1_Interrupt_Ms     
00000565  ece353_ADC14_PS2_X            
000005a7  ece353_ADC14_PS2_XY           
0000060d  ece353_MKII_RGB_LED           
000006f5  SystemCoreClockUpdate         
0000096d  SystemInit                    
00000a29  main                          
00000acd  __aeabi_memcpy                
00000acd  __aeabi_memcpy4               
00000acd  __aeabi_memcpy8               
00000acd  memcpy                        
00000b69  __TI_decompress_lzss          
00000bd1  __TI_auto_init_nobinit_nopinit
00000c15  T32_INT1_IRQHandler           
00000c15  T32_INT1_IRQHandler           
00000c27  ADC14_IRQHandler              
00000c27  ADC14_IRQHandler              
00000c51  _c_int00_noargs               
00000c85  __TI_decompress_none          
00000c93  Reset_Handler                 
00000c9f  AES256_IRQHandler             
00000c9f  BusFault_Handler              
00000c9f  COMP_E0_IRQHandler            
00000c9f  COMP_E1_IRQHandler            
00000c9f  CS_IRQHandler                 
00000c9f  DMA_ERR_IRQHandler            
00000c9f  DMA_INT0_IRQHandler           
00000c9f  DMA_INT1_IRQHandler           
00000c9f  DMA_INT2_IRQHandler           
00000c9f  DMA_INT3_IRQHandler           
00000c9f  DebugMon_Handler              
00000c9f  Default_Handler               
00000c9f  EUSCIA0_IRQHandler            
00000c9f  EUSCIA1_IRQHandler            
00000c9f  EUSCIA2_IRQHandler            
00000c9f  EUSCIA3_IRQHandler            
00000c9f  EUSCIB0_IRQHandler            
00000c9f  EUSCIB1_IRQHandler            
00000c9f  EUSCIB2_IRQHandler            
00000c9f  EUSCIB3_IRQHandler            
00000c9f  FLCTL_IRQHandler              
00000c9f  FPU_IRQHandler                
00000c9f  HardFault_Handler             
00000c9f  MemManage_Handler             
00000c9f  NMI_Handler                   
00000c9f  PCM_IRQHandler                
00000c9f  PORT1_IRQHandler              
00000c9f  PORT2_IRQHandler              
00000c9f  PORT3_IRQHandler              
00000c9f  PORT4_IRQHandler              
00000c9f  PORT5_IRQHandler              
00000c9f  PORT6_IRQHandler              
00000c9f  PSS_IRQHandler                
00000c9f  PendSV_Handler                
00000c9f  RTC_C_IRQHandler              
00000c9f  SVC_Handler                   
00000c9f  SysTick_Handler               
00000c9f  T32_INT2_IRQHandler           
00000c9f  T32_INTC_IRQHandler           
00000c9f  TA0_0_IRQHandler              
00000c9f  TA0_N_IRQHandler              
00000c9f  TA1_0_IRQHandler              
00000c9f  TA1_N_IRQHandler              
00000c9f  TA2_0_IRQHandler              
00000c9f  TA2_N_IRQHandler              
00000c9f  TA3_0_IRQHandler              
00000c9f  TA3_N_IRQHandler              
00000c9f  UsageFault_Handler            
00000c9f  WDT_A_IRQHandler              
00000ca1  _system_pre_init              
00000ca5  C$$EXIT                       
00000ca5  abort                         
00000cb4  __TI_Handler_Table_Base       
00000cbc  __TI_CINIT_Base               
00000cbc  __TI_Handler_Table_Limit      
00000cc4  __TI_CINIT_Limit              
20000000  JOYSTICK_X_DIR                
20000000  __start___llvm_prf_cnts       
20000000  __stop___llvm_prf_cnts        
20000004  JOYSTICK_Y_DIR                
20000008  SystemCoreClock               
2000fe00  __stack                       
20010000  __STACK_END                   
4000480c  WDTCTL_SYM                    
ffffffff  __TI_pprof_out_hndl           
ffffffff  __TI_prof_data_size           
ffffffff  __TI_prof_data_start          
ffffffff  __binit__                     
ffffffff  __c_args__                    
ffffffff  binit                         
UNDEFED   __mpu_init                    
UNDEFED   _system_post_cinit            

[115 symbols]
