<?xml version="1.0" encoding="ISO-8859-1" ?>
<link_info>
   <banner>TI ARM Linker PC v20.2.4.LTS</banner>
   <copyright>Copyright (c) 1996-2018 Texas Instruments Incorporated</copyright>
   <link_time>0x6213a6c4</link_time>
   <link_errors>0x0</link_errors>
   <output_file>07-Analog-Input.out</output_file>
   <entry_point>
      <name>_c_int00_noargs</name>
      <address>0xc51</address>
   </entry_point>
   <input_file_list>
      <input_file id="fl-2">
         <path>.\</path>
         <kind>object</kind>
         <file>ece353.obj</file>
         <name>ece353.obj</name>
      </input_file>
      <input_file id="fl-3">
         <path>.\</path>
         <kind>object</kind>
         <file>interrupts.obj</file>
         <name>interrupts.obj</name>
      </input_file>
      <input_file id="fl-4">
         <path>.\</path>
         <kind>object</kind>
         <file>main.obj</file>
         <name>main.obj</name>
      </input_file>
      <input_file id="fl-5">
         <path>.\</path>
         <kind>object</kind>
         <file>startup_msp432p401r_ccs.obj</file>
         <name>startup_msp432p401r_ccs.obj</name>
      </input_file>
      <input_file id="fl-6">
         <path>.\</path>
         <kind>object</kind>
         <file>system_msp432p401r.obj</file>
         <name>system_msp432p401r.obj</name>
      </input_file>
      <input_file id="fl-a">
         <kind>object</kind>
         <file>&lt;internal&gt;</file>
         <name>&lt;internal&gt;</name>
      </input_file>
      <input_file id="fl-c0">
         <path>C:\ProgramData\App-V\883E8076-D99D-4911-93C4-940332A6BE1F\BFE39798-EFFD-4CAF-929B-E5A85FC35347\Root\ccs\tools\compiler\ti-cgt-arm_20.2.4.LTS\lib\</path>
         <kind>archive</kind>
         <file>rtsv7M4_T_le_v4SPD16_eabi.lib</file>
         <name>copy_zero_init.c.obj</name>
      </input_file>
      <input_file id="fl-c1">
         <path>C:\ProgramData\App-V\883E8076-D99D-4911-93C4-940332A6BE1F\BFE39798-EFFD-4CAF-929B-E5A85FC35347\Root\ccs\tools\compiler\ti-cgt-arm_20.2.4.LTS\lib\</path>
         <kind>archive</kind>
         <file>rtsv7M4_T_le_v4SPD16_eabi.lib</file>
         <name>copy_decompress_none.c.obj</name>
      </input_file>
      <input_file id="fl-c2">
         <path>C:\ProgramData\App-V\883E8076-D99D-4911-93C4-940332A6BE1F\BFE39798-EFFD-4CAF-929B-E5A85FC35347\Root\ccs\tools\compiler\ti-cgt-arm_20.2.4.LTS\lib\</path>
         <kind>archive</kind>
         <file>rtsv7M4_T_le_v4SPD16_eabi.lib</file>
         <name>copy_decompress_lzss.c.obj</name>
      </input_file>
      <input_file id="fl-c3">
         <path>C:\ProgramData\App-V\883E8076-D99D-4911-93C4-940332A6BE1F\BFE39798-EFFD-4CAF-929B-E5A85FC35347\Root\ccs\tools\compiler\ti-cgt-arm_20.2.4.LTS\lib\</path>
         <kind>archive</kind>
         <file>rtsv7M4_T_le_v4SPD16_eabi.lib</file>
         <name>boot_cortex_m.c.obj</name>
      </input_file>
      <input_file id="fl-c4">
         <path>C:\ProgramData\App-V\883E8076-D99D-4911-93C4-940332A6BE1F\BFE39798-EFFD-4CAF-929B-E5A85FC35347\Root\ccs\tools\compiler\ti-cgt-arm_20.2.4.LTS\lib\</path>
         <kind>archive</kind>
         <file>rtsv7M4_T_le_v4SPD16_eabi.lib</file>
         <name>memset_t2.asm.obj</name>
      </input_file>
      <input_file id="fl-c5">
         <path>C:\ProgramData\App-V\883E8076-D99D-4911-93C4-940332A6BE1F\BFE39798-EFFD-4CAF-929B-E5A85FC35347\Root\ccs\tools\compiler\ti-cgt-arm_20.2.4.LTS\lib\</path>
         <kind>archive</kind>
         <file>rtsv7M4_T_le_v4SPD16_eabi.lib</file>
         <name>memcpy_t2.asm.obj</name>
      </input_file>
      <input_file id="fl-c6">
         <path>C:\ProgramData\App-V\883E8076-D99D-4911-93C4-940332A6BE1F\BFE39798-EFFD-4CAF-929B-E5A85FC35347\Root\ccs\tools\compiler\ti-cgt-arm_20.2.4.LTS\lib\</path>
         <kind>archive</kind>
         <file>rtsv7M4_T_le_v4SPD16_eabi.lib</file>
         <name>autoinit.c.obj</name>
      </input_file>
      <input_file id="fl-c7">
         <path>C:\ProgramData\App-V\883E8076-D99D-4911-93C4-940332A6BE1F\BFE39798-EFFD-4CAF-929B-E5A85FC35347\Root\ccs\tools\compiler\ti-cgt-arm_20.2.4.LTS\lib\</path>
         <kind>archive</kind>
         <file>rtsv7M4_T_le_v4SPD16_eabi.lib</file>
         <name>pre_init.c.obj</name>
      </input_file>
      <input_file id="fl-c8">
         <path>C:\ProgramData\App-V\883E8076-D99D-4911-93C4-940332A6BE1F\BFE39798-EFFD-4CAF-929B-E5A85FC35347\Root\ccs\tools\compiler\ti-cgt-arm_20.2.4.LTS\lib\</path>
         <kind>archive</kind>
         <file>rtsv7M4_T_le_v4SPD16_eabi.lib</file>
         <name>cpy_tbl.c.obj</name>
      </input_file>
      <input_file id="fl-c9">
         <path>C:\ProgramData\App-V\883E8076-D99D-4911-93C4-940332A6BE1F\BFE39798-EFFD-4CAF-929B-E5A85FC35347\Root\ccs\tools\compiler\ti-cgt-arm_20.2.4.LTS\lib\</path>
         <kind>archive</kind>
         <file>rtsv7M4_T_le_v4SPD16_eabi.lib</file>
         <name>exit.c.obj</name>
      </input_file>
      <input_file id="fl-ca">
         <path>C:\ProgramData\App-V\883E8076-D99D-4911-93C4-940332A6BE1F\BFE39798-EFFD-4CAF-929B-E5A85FC35347\Root\ccs\tools\compiler\ti-cgt-arm_20.2.4.LTS\lib\</path>
         <kind>archive</kind>
         <file>rtsv7M4_T_le_v4SPD16_eabi.lib</file>
         <name>_lock.c.obj</name>
      </input_file>
      <input_file id="fl-cb">
         <path>C:\ProgramData\App-V\883E8076-D99D-4911-93C4-940332A6BE1F\BFE39798-EFFD-4CAF-929B-E5A85FC35347\Root\ccs\tools\compiler\ti-cgt-arm_20.2.4.LTS\lib\</path>
         <kind>archive</kind>
         <file>rtsv7M4_T_le_v4SPD16_eabi.lib</file>
         <name>args_main.c.obj</name>
      </input_file>
   </input_file_list>
   <object_component_list>
      <object_component id="oc-26">
         <name>.intvecs:retain</name>
         <load_address>0x0</load_address>
         <run_address>0x0</run_address>
         <size>0xe4</size>
         <input_file_ref idref="fl-5"/>
      </object_component>
      <object_component id="oc-cd">
         <name>.text</name>
         <load_address>0xe4</load_address>
         <run_address>0xe4</run_address>
         <size>0x610</size>
         <input_file_ref idref="fl-2"/>
      </object_component>
      <object_component id="oc-ab">
         <name>.text</name>
         <load_address>0x6f4</load_address>
         <run_address>0x6f4</run_address>
         <size>0x334</size>
         <input_file_ref idref="fl-6"/>
      </object_component>
      <object_component id="oc-99">
         <name>.text</name>
         <load_address>0xa28</load_address>
         <run_address>0xa28</run_address>
         <size>0xa4</size>
         <input_file_ref idref="fl-4"/>
      </object_component>
      <object_component id="oc-37">
         <name>.text</name>
         <load_address>0xacc</load_address>
         <run_address>0xacc</run_address>
         <size>0x9c</size>
         <input_file_ref idref="fl-c5"/>
      </object_component>
      <object_component id="oc-17">
         <name>.text:decompress:lzss:__TI_decompress_lzss</name>
         <load_address>0xb68</load_address>
         <run_address>0xb68</run_address>
         <size>0x68</size>
         <input_file_ref idref="fl-c2"/>
      </object_component>
      <object_component id="oc-e0">
         <name>.text:__TI_auto_init_nobinit_nopinit:__TI_auto_init_nobinit_nopinit</name>
         <load_address>0xbd0</load_address>
         <run_address>0xbd0</run_address>
         <size>0x44</size>
         <input_file_ref idref="fl-c6"/>
      </object_component>
      <object_component id="oc-6d">
         <name>.text</name>
         <load_address>0xc14</load_address>
         <run_address>0xc14</run_address>
         <size>0x3c</size>
         <input_file_ref idref="fl-3"/>
      </object_component>
      <object_component id="oc-55">
         <name>.text:_c_int00_noargs:_c_int00_noargs</name>
         <load_address>0xc50</load_address>
         <run_address>0xc50</run_address>
         <size>0x34</size>
         <input_file_ref idref="fl-c3"/>
      </object_component>
      <object_component id="oc-1d">
         <name>.text:decompress:none:__TI_decompress_none</name>
         <load_address>0xc84</load_address>
         <run_address>0xc84</run_address>
         <size>0xe</size>
         <input_file_ref idref="fl-c1"/>
      </object_component>
      <object_component id="oc-67">
         <name>.text</name>
         <load_address>0xc92</load_address>
         <run_address>0xc92</run_address>
         <size>0xe</size>
         <input_file_ref idref="fl-5"/>
      </object_component>
      <object_component id="oc-93">
         <name>.text:_system_pre_init</name>
         <load_address>0xca0</load_address>
         <run_address>0xca0</run_address>
         <size>0x4</size>
         <input_file_ref idref="fl-c7"/>
      </object_component>
      <object_component id="oc-d4">
         <name>.text:abort:abort</name>
         <load_address>0xca4</load_address>
         <run_address>0xca4</run_address>
         <size>0x4</size>
         <input_file_ref idref="fl-c9"/>
      </object_component>
      <object_component id="oc-1bb">
         <name>.cinit..data.load</name>
         <load_address>0xca8</load_address>
         <run_address>0xca8</run_address>
         <size>0xb</size>
      </object_component>
      <object_component id="oc-1b9">
         <name>__TI_handler_table</name>
         <load_address>0xcb4</load_address>
         <run_address>0xcb4</run_address>
         <size>0x8</size>
      </object_component>
      <object_component id="oc-1ba">
         <name>__TI_cinit_table</name>
         <load_address>0xcbc</load_address>
         <run_address>0xcbc</run_address>
         <size>0x8</size>
      </object_component>
      <object_component id="oc-18d">
         <name>.binit</name>
         <load_address>0x0</load_address>
         <run_address>0x0</run_address>
         <size>0x0</size>
      </object_component>
      <object_component id="oc-b2">
         <name>.data</name>
         <load_address>0x20000000</load_address>
         <run_address>0x20000000</run_address>
         <size>0x8</size>
         <input_file_ref idref="fl-3"/>
      </object_component>
      <object_component id="oc-112">
         <name>.data</name>
         <load_address>0x20000008</load_address>
         <run_address>0x20000008</run_address>
         <size>0x4</size>
         <input_file_ref idref="fl-6"/>
      </object_component>
      <object_component id="oc-29">
         <name>.stack</name>
         <uninitialized>true</uninitialized>
         <run_address>0x2000fe00</run_address>
         <size>0x4</size>
         <input_file_ref idref="fl-c3"/>
      </object_component>
      <object_component id="oc-1bd">
         <name>.stack</name>
         <uninitialized>true</uninitialized>
         <run_address>0x2000fe00</run_address>
         <size>0x0</size>
      </object_component>
      <object_component id="oc-128">
         <name>.debug_info</name>
         <load_address>0x0</load_address>
         <run_address>0x0</run_address>
         <size>0x549</size>
         <input_file_ref idref="fl-2"/>
      </object_component>
      <object_component id="oc-ce">
         <name>.debug_info</name>
         <load_address>0x549</load_address>
         <run_address>0x549</run_address>
         <size>0x1221</size>
         <input_file_ref idref="fl-2"/>
      </object_component>
      <object_component id="oc-153">
         <name>.debug_info</name>
         <load_address>0x176a</load_address>
         <run_address>0x176a</run_address>
         <size>0x1055</size>
         <input_file_ref idref="fl-2"/>
      </object_component>
      <object_component id="oc-12a">
         <name>.debug_info</name>
         <load_address>0x27bf</load_address>
         <run_address>0x27bf</run_address>
         <size>0x37e2</size>
         <input_file_ref idref="fl-2"/>
      </object_component>
      <object_component id="oc-b8">
         <name>.debug_info</name>
         <load_address>0x5fa1</load_address>
         <run_address>0x5fa1</run_address>
         <size>0x26b</size>
         <input_file_ref idref="fl-2"/>
      </object_component>
      <object_component id="oc-123">
         <name>.debug_info</name>
         <load_address>0x620c</load_address>
         <run_address>0x620c</run_address>
         <size>0x8b</size>
         <input_file_ref idref="fl-2"/>
      </object_component>
      <object_component id="oc-11e">
         <name>.debug_info</name>
         <load_address>0x6297</load_address>
         <run_address>0x6297</run_address>
         <size>0x2a4</size>
         <input_file_ref idref="fl-2"/>
      </object_component>
      <object_component id="oc-116">
         <name>.debug_info</name>
         <load_address>0x653b</load_address>
         <run_address>0x653b</run_address>
         <size>0xbb</size>
         <input_file_ref idref="fl-2"/>
      </object_component>
      <object_component id="oc-11d">
         <name>.debug_info</name>
         <load_address>0x65f6</load_address>
         <run_address>0x65f6</run_address>
         <size>0x521</size>
         <input_file_ref idref="fl-3"/>
      </object_component>
      <object_component id="oc-b3">
         <name>.debug_info</name>
         <load_address>0x6b17</load_address>
         <run_address>0x6b17</run_address>
         <size>0xfe</size>
         <input_file_ref idref="fl-3"/>
      </object_component>
      <object_component id="oc-6f">
         <name>.debug_info</name>
         <load_address>0x6c15</load_address>
         <run_address>0x6c15</run_address>
         <size>0x170</size>
         <input_file_ref idref="fl-3"/>
      </object_component>
      <object_component id="oc-32">
         <name>.debug_info</name>
         <load_address>0x6d85</load_address>
         <run_address>0x6d85</run_address>
         <size>0x84</size>
         <input_file_ref idref="fl-3"/>
      </object_component>
      <object_component id="oc-9a">
         <name>.debug_info</name>
         <load_address>0x6e09</load_address>
         <run_address>0x6e09</run_address>
         <size>0x1ca</size>
         <input_file_ref idref="fl-4"/>
      </object_component>
      <object_component id="oc-75">
         <name>.debug_info</name>
         <load_address>0x6fd3</load_address>
         <run_address>0x6fd3</run_address>
         <size>0x2b6</size>
         <input_file_ref idref="fl-5"/>
      </object_component>
      <object_component id="oc-27">
         <name>.debug_info</name>
         <load_address>0x7289</load_address>
         <run_address>0x7289</run_address>
         <size>0xe2</size>
         <input_file_ref idref="fl-5"/>
      </object_component>
      <object_component id="oc-6b">
         <name>.debug_info</name>
         <load_address>0x736b</load_address>
         <run_address>0x736b</run_address>
         <size>0x1a9</size>
         <input_file_ref idref="fl-5"/>
      </object_component>
      <object_component id="oc-113">
         <name>.debug_info</name>
         <load_address>0x7514</load_address>
         <run_address>0x7514</run_address>
         <size>0xdb</size>
         <input_file_ref idref="fl-6"/>
      </object_component>
      <object_component id="oc-ac">
         <name>.debug_info</name>
         <load_address>0x75ef</load_address>
         <run_address>0x75ef</run_address>
         <size>0x24d</size>
         <input_file_ref idref="fl-6"/>
      </object_component>
      <object_component id="oc-42">
         <name>.debug_info</name>
         <load_address>0x783c</load_address>
         <run_address>0x783c</run_address>
         <size>0x2a8</size>
         <input_file_ref idref="fl-c1"/>
      </object_component>
      <object_component id="oc-1f">
         <name>.debug_info</name>
         <load_address>0x7ae4</load_address>
         <run_address>0x7ae4</run_address>
         <size>0x1ea</size>
         <input_file_ref idref="fl-c1"/>
      </object_component>
      <object_component id="oc-3d">
         <name>.debug_info</name>
         <load_address>0x7cce</load_address>
         <run_address>0x7cce</run_address>
         <size>0x46</size>
         <input_file_ref idref="fl-c1"/>
      </object_component>
      <object_component id="oc-7f">
         <name>.debug_info</name>
         <load_address>0x7d14</load_address>
         <run_address>0x7d14</run_address>
         <size>0x2c</size>
         <input_file_ref idref="fl-c1"/>
      </object_component>
      <object_component id="oc-7d">
         <name>.debug_info</name>
         <load_address>0x7d40</load_address>
         <run_address>0x7d40</run_address>
         <size>0x29e</size>
         <input_file_ref idref="fl-c2"/>
      </object_component>
      <object_component id="oc-1a">
         <name>.debug_info</name>
         <load_address>0x7fde</load_address>
         <run_address>0x7fde</run_address>
         <size>0x250</size>
         <input_file_ref idref="fl-c2"/>
      </object_component>
      <object_component id="oc-2d">
         <name>.debug_info</name>
         <load_address>0x822e</load_address>
         <run_address>0x822e</run_address>
         <size>0x60</size>
         <input_file_ref idref="fl-c2"/>
      </object_component>
      <object_component id="oc-bd">
         <name>.debug_info</name>
         <load_address>0x828e</load_address>
         <run_address>0x828e</run_address>
         <size>0x46</size>
         <input_file_ref idref="fl-c2"/>
      </object_component>
      <object_component id="oc-78">
         <name>.debug_info</name>
         <load_address>0x82d4</load_address>
         <run_address>0x82d4</run_address>
         <size>0x39</size>
         <input_file_ref idref="fl-c2"/>
      </object_component>
      <object_component id="oc-2a">
         <name>.debug_info</name>
         <load_address>0x830d</load_address>
         <run_address>0x830d</run_address>
         <size>0x10b</size>
         <input_file_ref idref="fl-c3"/>
      </object_component>
      <object_component id="oc-59">
         <name>.debug_info</name>
         <load_address>0x8418</load_address>
         <run_address>0x8418</run_address>
         <size>0x1a9</size>
         <input_file_ref idref="fl-c3"/>
      </object_component>
      <object_component id="oc-38">
         <name>.debug_info</name>
         <load_address>0x85c1</load_address>
         <run_address>0x85c1</run_address>
         <size>0x119</size>
         <input_file_ref idref="fl-c5"/>
      </object_component>
      <object_component id="oc-13a">
         <name>.debug_info</name>
         <load_address>0x86da</load_address>
         <run_address>0x86da</run_address>
         <size>0x4b3</size>
         <input_file_ref idref="fl-c6"/>
      </object_component>
      <object_component id="oc-e2">
         <name>.debug_info</name>
         <load_address>0x8b8d</load_address>
         <run_address>0x8b8d</run_address>
         <size>0x1a6</size>
         <input_file_ref idref="fl-c6"/>
      </object_component>
      <object_component id="oc-16a">
         <name>.debug_info</name>
         <load_address>0x8d33</load_address>
         <run_address>0x8d33</run_address>
         <size>0x39</size>
         <input_file_ref idref="fl-c6"/>
      </object_component>
      <object_component id="oc-17e">
         <name>.debug_info</name>
         <load_address>0x8d6c</load_address>
         <run_address>0x8d6c</run_address>
         <size>0x39</size>
         <input_file_ref idref="fl-c6"/>
      </object_component>
      <object_component id="oc-16f">
         <name>.debug_info</name>
         <load_address>0x8da5</load_address>
         <run_address>0x8da5</run_address>
         <size>0x39</size>
         <input_file_ref idref="fl-c6"/>
      </object_component>
      <object_component id="oc-174">
         <name>.debug_info</name>
         <load_address>0x8dde</load_address>
         <run_address>0x8dde</run_address>
         <size>0xcd</size>
         <input_file_ref idref="fl-c6"/>
      </object_component>
      <object_component id="oc-96">
         <name>.debug_info</name>
         <load_address>0x8eab</load_address>
         <run_address>0x8eab</run_address>
         <size>0x153</size>
         <input_file_ref idref="fl-c7"/>
      </object_component>
      <object_component id="oc-d5">
         <name>.debug_info</name>
         <load_address>0x8ffe</load_address>
         <run_address>0x8ffe</run_address>
         <size>0x122</size>
         <input_file_ref idref="fl-c9"/>
      </object_component>
      <object_component id="oc-1be">
         <name>.debug_info</name>
         <load_address>0x9120</load_address>
         <run_address>0x9120</run_address>
         <size>0x8e</size>
      </object_component>
      <object_component id="oc-159">
         <name>.debug_line</name>
         <load_address>0x0</load_address>
         <run_address>0x0</run_address>
         <size>0xb5</size>
         <input_file_ref idref="fl-2"/>
      </object_component>
      <object_component id="oc-d2">
         <name>.debug_line</name>
         <load_address>0xb5</load_address>
         <run_address>0xb5</run_address>
         <size>0x466</size>
         <input_file_ref idref="fl-2"/>
      </object_component>
      <object_component id="oc-156">
         <name>.debug_line</name>
         <load_address>0x51b</load_address>
         <run_address>0x51b</run_address>
         <size>0xb1</size>
         <input_file_ref idref="fl-2"/>
      </object_component>
      <object_component id="oc-12d">
         <name>.debug_line</name>
         <load_address>0x5cc</load_address>
         <run_address>0x5cc</run_address>
         <size>0xae</size>
         <input_file_ref idref="fl-2"/>
      </object_component>
      <object_component id="oc-bb">
         <name>.debug_line</name>
         <load_address>0x67a</load_address>
         <run_address>0x67a</run_address>
         <size>0xc5</size>
         <input_file_ref idref="fl-2"/>
      </object_component>
      <object_component id="oc-126">
         <name>.debug_line</name>
         <load_address>0x73f</load_address>
         <run_address>0x73f</run_address>
         <size>0x20</size>
         <input_file_ref idref="fl-2"/>
      </object_component>
      <object_component id="oc-121">
         <name>.debug_line</name>
         <load_address>0x75f</load_address>
         <run_address>0x75f</run_address>
         <size>0xc9</size>
         <input_file_ref idref="fl-2"/>
      </object_component>
      <object_component id="oc-119">
         <name>.debug_line</name>
         <load_address>0x828</load_address>
         <run_address>0x828</run_address>
         <size>0xc6</size>
         <input_file_ref idref="fl-2"/>
      </object_component>
      <object_component id="oc-152">
         <name>.debug_line</name>
         <load_address>0x8ee</load_address>
         <run_address>0x8ee</run_address>
         <size>0x20</size>
         <input_file_ref idref="fl-3"/>
      </object_component>
      <object_component id="oc-11c">
         <name>.debug_line</name>
         <load_address>0x90e</load_address>
         <run_address>0x90e</run_address>
         <size>0x33</size>
         <input_file_ref idref="fl-3"/>
      </object_component>
      <object_component id="oc-72">
         <name>.debug_line</name>
         <load_address>0x941</load_address>
         <run_address>0x941</run_address>
         <size>0x62</size>
         <input_file_ref idref="fl-3"/>
      </object_component>
      <object_component id="oc-35">
         <name>.debug_line</name>
         <load_address>0x9a3</load_address>
         <run_address>0x9a3</run_address>
         <size>0x20</size>
         <input_file_ref idref="fl-3"/>
      </object_component>
      <object_component id="oc-9d">
         <name>.debug_line</name>
         <load_address>0x9c3</load_address>
         <run_address>0x9c3</run_address>
         <size>0x66</size>
         <input_file_ref idref="fl-4"/>
      </object_component>
      <object_component id="oc-b7">
         <name>.debug_line</name>
         <load_address>0xa29</load_address>
         <run_address>0xa29</run_address>
         <size>0x40</size>
         <input_file_ref idref="fl-5"/>
      </object_component>
      <object_component id="oc-74">
         <name>.debug_line</name>
         <load_address>0xa69</load_address>
         <run_address>0xa69</run_address>
         <size>0x40</size>
         <input_file_ref idref="fl-5"/>
      </object_component>
      <object_component id="oc-6a">
         <name>.debug_line</name>
         <load_address>0xaa9</load_address>
         <run_address>0xaa9</run_address>
         <size>0x71</size>
         <input_file_ref idref="fl-5"/>
      </object_component>
      <object_component id="oc-150">
         <name>.debug_line</name>
         <load_address>0xb1a</load_address>
         <run_address>0xb1a</run_address>
         <size>0x3b</size>
         <input_file_ref idref="fl-6"/>
      </object_component>
      <object_component id="oc-af">
         <name>.debug_line</name>
         <load_address>0xb55</load_address>
         <run_address>0xb55</run_address>
         <size>0x134</size>
         <input_file_ref idref="fl-6"/>
      </object_component>
      <object_component id="oc-85">
         <name>.debug_line</name>
         <load_address>0xc89</load_address>
         <run_address>0xc89</run_address>
         <size>0x20</size>
         <input_file_ref idref="fl-c1"/>
      </object_component>
      <object_component id="oc-22">
         <name>.debug_line</name>
         <load_address>0xca9</load_address>
         <run_address>0xca9</run_address>
         <size>0x55</size>
         <input_file_ref idref="fl-c1"/>
      </object_component>
      <object_component id="oc-40">
         <name>.debug_line</name>
         <load_address>0xcfe</load_address>
         <run_address>0xcfe</run_address>
         <size>0x3a</size>
         <input_file_ref idref="fl-c1"/>
      </object_component>
      <object_component id="oc-82">
         <name>.debug_line</name>
         <load_address>0xd38</load_address>
         <run_address>0xd38</run_address>
         <size>0x92</size>
         <input_file_ref idref="fl-c1"/>
      </object_component>
      <object_component id="oc-c3">
         <name>.debug_line</name>
         <load_address>0xdca</load_address>
         <run_address>0xdca</run_address>
         <size>0x20</size>
         <input_file_ref idref="fl-c2"/>
      </object_component>
      <object_component id="oc-1c">
         <name>.debug_line</name>
         <load_address>0xdea</load_address>
         <run_address>0xdea</run_address>
         <size>0xa9</size>
         <input_file_ref idref="fl-c2"/>
      </object_component>
      <object_component id="oc-30">
         <name>.debug_line</name>
         <load_address>0xe93</load_address>
         <run_address>0xe93</run_address>
         <size>0x3a</size>
         <input_file_ref idref="fl-c2"/>
      </object_component>
      <object_component id="oc-c0">
         <name>.debug_line</name>
         <load_address>0xecd</load_address>
         <run_address>0xecd</run_address>
         <size>0x9a</size>
         <input_file_ref idref="fl-c2"/>
      </object_component>
      <object_component id="oc-7b">
         <name>.debug_line</name>
         <load_address>0xf67</load_address>
         <run_address>0xf67</run_address>
         <size>0x96</size>
         <input_file_ref idref="fl-c2"/>
      </object_component>
      <object_component id="oc-77">
         <name>.debug_line</name>
         <load_address>0xffd</load_address>
         <run_address>0xffd</run_address>
         <size>0x33</size>
         <input_file_ref idref="fl-c3"/>
      </object_component>
      <object_component id="oc-57">
         <name>.debug_line</name>
         <load_address>0x1030</load_address>
         <run_address>0x1030</run_address>
         <size>0x45</size>
         <input_file_ref idref="fl-c3"/>
      </object_component>
      <object_component id="oc-3b">
         <name>.debug_line</name>
         <load_address>0x1075</load_address>
         <run_address>0x1075</run_address>
         <size>0x88</size>
         <input_file_ref idref="fl-c5"/>
      </object_component>
      <object_component id="oc-169">
         <name>.debug_line</name>
         <load_address>0x10fd</load_address>
         <run_address>0x10fd</run_address>
         <size>0xbf</size>
         <input_file_ref idref="fl-c6"/>
      </object_component>
      <object_component id="oc-e5">
         <name>.debug_line</name>
         <load_address>0x11bc</load_address>
         <run_address>0x11bc</run_address>
         <size>0x6f</size>
         <input_file_ref idref="fl-c6"/>
      </object_component>
      <object_component id="oc-16d">
         <name>.debug_line</name>
         <load_address>0x122b</load_address>
         <run_address>0x122b</run_address>
         <size>0x2e</size>
         <input_file_ref idref="fl-c6"/>
      </object_component>
      <object_component id="oc-181">
         <name>.debug_line</name>
         <load_address>0x1259</load_address>
         <run_address>0x1259</run_address>
         <size>0x9a</size>
         <input_file_ref idref="fl-c6"/>
      </object_component>
      <object_component id="oc-172">
         <name>.debug_line</name>
         <load_address>0x12f3</load_address>
         <run_address>0x12f3</run_address>
         <size>0x97</size>
         <input_file_ref idref="fl-c6"/>
      </object_component>
      <object_component id="oc-177">
         <name>.debug_line</name>
         <load_address>0x138a</load_address>
         <run_address>0x138a</run_address>
         <size>0x93</size>
         <input_file_ref idref="fl-c6"/>
      </object_component>
      <object_component id="oc-98">
         <name>.debug_line</name>
         <load_address>0x141d</load_address>
         <run_address>0x141d</run_address>
         <size>0x40</size>
         <input_file_ref idref="fl-c7"/>
      </object_component>
      <object_component id="oc-d8">
         <name>.debug_line</name>
         <load_address>0x145d</load_address>
         <run_address>0x145d</run_address>
         <size>0x3c</size>
         <input_file_ref idref="fl-c9"/>
      </object_component>
      <object_component id="oc-d1">
         <name>.debug_frame</name>
         <load_address>0x0</load_address>
         <run_address>0x0</run_address>
         <size>0x280</size>
         <input_file_ref idref="fl-2"/>
      </object_component>
      <object_component id="oc-6e">
         <name>.debug_frame</name>
         <load_address>0x280</load_address>
         <run_address>0x280</run_address>
         <size>0x68</size>
         <input_file_ref idref="fl-3"/>
      </object_component>
      <object_component id="oc-9e">
         <name>.debug_frame</name>
         <load_address>0x2e8</load_address>
         <run_address>0x2e8</run_address>
         <size>0x5c</size>
         <input_file_ref idref="fl-4"/>
      </object_component>
      <object_component id="oc-68">
         <name>.debug_frame</name>
         <load_address>0x344</load_address>
         <run_address>0x344</run_address>
         <size>0x6c</size>
         <input_file_ref idref="fl-5"/>
      </object_component>
      <object_component id="oc-b0">
         <name>.debug_frame</name>
         <load_address>0x3b0</load_address>
         <run_address>0x3b0</run_address>
         <size>0x70</size>
         <input_file_ref idref="fl-6"/>
      </object_component>
      <object_component id="oc-1e">
         <name>.debug_frame</name>
         <load_address>0x420</load_address>
         <run_address>0x420</run_address>
         <size>0x54</size>
         <input_file_ref idref="fl-c1"/>
      </object_component>
      <object_component id="oc-19">
         <name>.debug_frame</name>
         <load_address>0x474</load_address>
         <run_address>0x474</run_address>
         <size>0x60</size>
         <input_file_ref idref="fl-c2"/>
      </object_component>
      <object_component id="oc-58">
         <name>.debug_frame</name>
         <load_address>0x4d4</load_address>
         <run_address>0x4d4</run_address>
         <size>0x50</size>
         <input_file_ref idref="fl-c3"/>
      </object_component>
      <object_component id="oc-e1">
         <name>.debug_frame</name>
         <load_address>0x524</load_address>
         <run_address>0x524</run_address>
         <size>0x5c</size>
         <input_file_ref idref="fl-c6"/>
      </object_component>
      <object_component id="oc-94">
         <name>.debug_frame</name>
         <load_address>0x580</load_address>
         <run_address>0x580</run_address>
         <size>0x54</size>
         <input_file_ref idref="fl-c7"/>
      </object_component>
      <object_component id="oc-d9">
         <name>.debug_frame</name>
         <load_address>0x5d4</load_address>
         <run_address>0x5d4</run_address>
         <size>0x54</size>
         <input_file_ref idref="fl-c9"/>
      </object_component>
      <object_component id="oc-158">
         <name>.debug_abbrev</name>
         <load_address>0x0</load_address>
         <run_address>0x0</run_address>
         <size>0x87</size>
         <input_file_ref idref="fl-2"/>
      </object_component>
      <object_component id="oc-129">
         <name>.debug_abbrev</name>
         <load_address>0x87</load_address>
         <run_address>0x87</run_address>
         <size>0x130</size>
         <input_file_ref idref="fl-2"/>
      </object_component>
      <object_component id="oc-155">
         <name>.debug_abbrev</name>
         <load_address>0x1b7</load_address>
         <run_address>0x1b7</run_address>
         <size>0x97</size>
         <input_file_ref idref="fl-2"/>
      </object_component>
      <object_component id="oc-12c">
         <name>.debug_abbrev</name>
         <load_address>0x24e</load_address>
         <run_address>0x24e</run_address>
         <size>0xbd</size>
         <input_file_ref idref="fl-2"/>
      </object_component>
      <object_component id="oc-ba">
         <name>.debug_abbrev</name>
         <load_address>0x30b</load_address>
         <run_address>0x30b</run_address>
         <size>0x69</size>
         <input_file_ref idref="fl-2"/>
      </object_component>
      <object_component id="oc-125">
         <name>.debug_abbrev</name>
         <load_address>0x374</load_address>
         <run_address>0x374</run_address>
         <size>0x1f</size>
         <input_file_ref idref="fl-2"/>
      </object_component>
      <object_component id="oc-120">
         <name>.debug_abbrev</name>
         <load_address>0x393</load_address>
         <run_address>0x393</run_address>
         <size>0x5c</size>
         <input_file_ref idref="fl-2"/>
      </object_component>
      <object_component id="oc-118">
         <name>.debug_abbrev</name>
         <load_address>0x3ef</load_address>
         <run_address>0x3ef</run_address>
         <size>0x24</size>
         <input_file_ref idref="fl-2"/>
      </object_component>
      <object_component id="oc-151">
         <name>.debug_abbrev</name>
         <load_address>0x413</load_address>
         <run_address>0x413</run_address>
         <size>0x71</size>
         <input_file_ref idref="fl-3"/>
      </object_component>
      <object_component id="oc-11b">
         <name>.debug_abbrev</name>
         <load_address>0x484</load_address>
         <run_address>0x484</run_address>
         <size>0x29</size>
         <input_file_ref idref="fl-3"/>
      </object_component>
      <object_component id="oc-b5">
         <name>.debug_abbrev</name>
         <load_address>0x4ad</load_address>
         <run_address>0x4ad</run_address>
         <size>0x50</size>
         <input_file_ref idref="fl-3"/>
      </object_component>
      <object_component id="oc-34">
         <name>.debug_abbrev</name>
         <load_address>0x4fd</load_address>
         <run_address>0x4fd</run_address>
         <size>0x1f</size>
         <input_file_ref idref="fl-3"/>
      </object_component>
      <object_component id="oc-d3">
         <name>.debug_abbrev</name>
         <load_address>0x51c</load_address>
         <run_address>0x51c</run_address>
         <size>0x52</size>
         <input_file_ref idref="fl-4"/>
      </object_component>
      <object_component id="oc-b6">
         <name>.debug_abbrev</name>
         <load_address>0x56e</load_address>
         <run_address>0x56e</run_address>
         <size>0x7c</size>
         <input_file_ref idref="fl-5"/>
      </object_component>
      <object_component id="oc-73">
         <name>.debug_abbrev</name>
         <load_address>0x5ea</load_address>
         <run_address>0x5ea</run_address>
         <size>0x29</size>
         <input_file_ref idref="fl-5"/>
      </object_component>
      <object_component id="oc-b1">
         <name>.debug_abbrev</name>
         <load_address>0x613</load_address>
         <run_address>0x613</run_address>
         <size>0x89</size>
         <input_file_ref idref="fl-5"/>
      </object_component>
      <object_component id="oc-14f">
         <name>.debug_abbrev</name>
         <load_address>0x69c</load_address>
         <run_address>0x69c</run_address>
         <size>0x29</size>
         <input_file_ref idref="fl-6"/>
      </object_component>
      <object_component id="oc-115">
         <name>.debug_abbrev</name>
         <load_address>0x6c5</load_address>
         <run_address>0x6c5</run_address>
         <size>0x8b</size>
         <input_file_ref idref="fl-6"/>
      </object_component>
      <object_component id="oc-84">
         <name>.debug_abbrev</name>
         <load_address>0x750</load_address>
         <run_address>0x750</run_address>
         <size>0x37</size>
         <input_file_ref idref="fl-c1"/>
      </object_component>
      <object_component id="oc-3c">
         <name>.debug_abbrev</name>
         <load_address>0x787</load_address>
         <run_address>0x787</run_address>
         <size>0x74</size>
         <input_file_ref idref="fl-c1"/>
      </object_component>
      <object_component id="oc-3f">
         <name>.debug_abbrev</name>
         <load_address>0x7fb</load_address>
         <run_address>0x7fb</run_address>
         <size>0x24</size>
         <input_file_ref idref="fl-c1"/>
      </object_component>
      <object_component id="oc-81">
         <name>.debug_abbrev</name>
         <load_address>0x81f</load_address>
         <run_address>0x81f</run_address>
         <size>0x24</size>
         <input_file_ref idref="fl-c1"/>
      </object_component>
      <object_component id="oc-c2">
         <name>.debug_abbrev</name>
         <load_address>0x843</load_address>
         <run_address>0x843</run_address>
         <size>0x37</size>
         <input_file_ref idref="fl-c2"/>
      </object_component>
      <object_component id="oc-2c">
         <name>.debug_abbrev</name>
         <load_address>0x87a</load_address>
         <run_address>0x87a</run_address>
         <size>0x6f</size>
         <input_file_ref idref="fl-c2"/>
      </object_component>
      <object_component id="oc-2f">
         <name>.debug_abbrev</name>
         <load_address>0x8e9</load_address>
         <run_address>0x8e9</run_address>
         <size>0x24</size>
         <input_file_ref idref="fl-c2"/>
      </object_component>
      <object_component id="oc-bf">
         <name>.debug_abbrev</name>
         <load_address>0x90d</load_address>
         <run_address>0x90d</run_address>
         <size>0x35</size>
         <input_file_ref idref="fl-c2"/>
      </object_component>
      <object_component id="oc-7a">
         <name>.debug_abbrev</name>
         <load_address>0x942</load_address>
         <run_address>0x942</run_address>
         <size>0x24</size>
         <input_file_ref idref="fl-c2"/>
      </object_component>
      <object_component id="oc-76">
         <name>.debug_abbrev</name>
         <load_address>0x966</load_address>
         <run_address>0x966</run_address>
         <size>0x29</size>
         <input_file_ref idref="fl-c3"/>
      </object_component>
      <object_component id="oc-a2">
         <name>.debug_abbrev</name>
         <load_address>0x98f</load_address>
         <run_address>0x98f</run_address>
         <size>0x55</size>
         <input_file_ref idref="fl-c3"/>
      </object_component>
      <object_component id="oc-7e">
         <name>.debug_abbrev</name>
         <load_address>0x9e4</load_address>
         <run_address>0x9e4</run_address>
         <size>0x3e</size>
         <input_file_ref idref="fl-c5"/>
      </object_component>
      <object_component id="oc-168">
         <name>.debug_abbrev</name>
         <load_address>0xa22</load_address>
         <run_address>0xa22</run_address>
         <size>0xc0</size>
         <input_file_ref idref="fl-c6"/>
      </object_component>
      <object_component id="oc-139">
         <name>.debug_abbrev</name>
         <load_address>0xae2</load_address>
         <run_address>0xae2</run_address>
         <size>0x7e</size>
         <input_file_ref idref="fl-c6"/>
      </object_component>
      <object_component id="oc-16c">
         <name>.debug_abbrev</name>
         <load_address>0xb60</load_address>
         <run_address>0xb60</run_address>
         <size>0x24</size>
         <input_file_ref idref="fl-c6"/>
      </object_component>
      <object_component id="oc-180">
         <name>.debug_abbrev</name>
         <load_address>0xb84</load_address>
         <run_address>0xb84</run_address>
         <size>0x24</size>
         <input_file_ref idref="fl-c6"/>
      </object_component>
      <object_component id="oc-171">
         <name>.debug_abbrev</name>
         <load_address>0xba8</load_address>
         <run_address>0xba8</run_address>
         <size>0x24</size>
         <input_file_ref idref="fl-c6"/>
      </object_component>
      <object_component id="oc-176">
         <name>.debug_abbrev</name>
         <load_address>0xbcc</load_address>
         <run_address>0xbcc</run_address>
         <size>0x4b</size>
         <input_file_ref idref="fl-c6"/>
      </object_component>
      <object_component id="oc-cc">
         <name>.debug_abbrev</name>
         <load_address>0xc17</load_address>
         <run_address>0xc17</run_address>
         <size>0x55</size>
         <input_file_ref idref="fl-c7"/>
      </object_component>
      <object_component id="oc-12f">
         <name>.debug_abbrev</name>
         <load_address>0xc6c</load_address>
         <run_address>0xc6c</run_address>
         <size>0x45</size>
         <input_file_ref idref="fl-c9"/>
      </object_component>
      <object_component id="oc-1bf">
         <name>.debug_abbrev</name>
         <load_address>0xcb1</load_address>
         <run_address>0xcb1</run_address>
         <size>0xf</size>
      </object_component>
      <object_component id="oc-157">
         <name>.debug_str</name>
         <load_address>0x0</load_address>
         <run_address>0x0</run_address>
         <size>0x4ca</size>
         <input_file_ref idref="fl-2"/>
      </object_component>
      <object_component id="oc-12e">
         <name>.debug_str</name>
         <load_address>0x4ca</load_address>
         <run_address>0x4ca</run_address>
         <size>0x160e</size>
         <input_file_ref idref="fl-2"/>
      </object_component>
      <object_component id="oc-bc">
         <name>.debug_str</name>
         <load_address>0x1ad8</load_address>
         <run_address>0x1ad8</run_address>
         <size>0x2f5</size>
         <input_file_ref idref="fl-2"/>
      </object_component>
      <object_component id="oc-127">
         <name>.debug_str</name>
         <load_address>0x1dcd</load_address>
         <run_address>0x1dcd</run_address>
         <size>0xfd</size>
         <input_file_ref idref="fl-2"/>
      </object_component>
      <object_component id="oc-122">
         <name>.debug_str</name>
         <load_address>0x1eca</load_address>
         <run_address>0x1eca</run_address>
         <size>0x38b</size>
         <input_file_ref idref="fl-2"/>
      </object_component>
      <object_component id="oc-11a">
         <name>.debug_str</name>
         <load_address>0x2255</load_address>
         <run_address>0x2255</run_address>
         <size>0x18d</size>
         <input_file_ref idref="fl-2"/>
      </object_component>
      <object_component id="oc-36">
         <name>.debug_str</name>
         <load_address>0x23e2</load_address>
         <run_address>0x23e2</run_address>
         <size>0xfd</size>
         <input_file_ref idref="fl-3"/>
      </object_component>
      <object_component id="oc-41">
         <name>.debug_str</name>
         <load_address>0x24df</load_address>
         <run_address>0x24df</run_address>
         <size>0x10b</size>
         <input_file_ref idref="fl-c1"/>
      </object_component>
      <object_component id="oc-83">
         <name>.debug_str</name>
         <load_address>0x25ea</load_address>
         <run_address>0x25ea</run_address>
         <size>0x140</size>
         <input_file_ref idref="fl-c1"/>
      </object_component>
      <object_component id="oc-31">
         <name>.debug_str</name>
         <load_address>0x272a</load_address>
         <run_address>0x272a</run_address>
         <size>0x118</size>
         <input_file_ref idref="fl-c2"/>
      </object_component>
      <object_component id="oc-c1">
         <name>.debug_str</name>
         <load_address>0x2842</load_address>
         <run_address>0x2842</run_address>
         <size>0x16b</size>
         <input_file_ref idref="fl-c2"/>
      </object_component>
      <object_component id="oc-7c">
         <name>.debug_str</name>
         <load_address>0x29ad</load_address>
         <run_address>0x29ad</run_address>
         <size>0x158</size>
         <input_file_ref idref="fl-c2"/>
      </object_component>
      <object_component id="oc-16e">
         <name>.debug_str</name>
         <load_address>0x2b05</load_address>
         <run_address>0x2b05</run_address>
         <size>0xed</size>
         <input_file_ref idref="fl-c6"/>
      </object_component>
      <object_component id="oc-182">
         <name>.debug_str</name>
         <load_address>0x2bf2</load_address>
         <run_address>0x2bf2</run_address>
         <size>0x157</size>
         <input_file_ref idref="fl-c6"/>
      </object_component>
      <object_component id="oc-173">
         <name>.debug_str</name>
         <load_address>0x2d49</load_address>
         <run_address>0x2d49</run_address>
         <size>0x150</size>
         <input_file_ref idref="fl-c6"/>
      </object_component>
      <object_component id="oc-178">
         <name>.debug_str</name>
         <load_address>0x2e99</load_address>
         <run_address>0x2e99</run_address>
         <size>0x197</size>
         <input_file_ref idref="fl-c6"/>
      </object_component>
      <object_component id="oc-cf">
         <name>.debug_aranges</name>
         <load_address>0x0</load_address>
         <run_address>0x0</run_address>
         <size>0xe8</size>
         <input_file_ref idref="fl-2"/>
      </object_component>
      <object_component id="oc-70">
         <name>.debug_aranges</name>
         <load_address>0xe8</load_address>
         <run_address>0xe8</run_address>
         <size>0x28</size>
         <input_file_ref idref="fl-3"/>
      </object_component>
      <object_component id="oc-9c">
         <name>.debug_aranges</name>
         <load_address>0x110</load_address>
         <run_address>0x110</run_address>
         <size>0x20</size>
         <input_file_ref idref="fl-4"/>
      </object_component>
      <object_component id="oc-69">
         <name>.debug_aranges</name>
         <load_address>0x130</load_address>
         <run_address>0x130</run_address>
         <size>0x28</size>
         <input_file_ref idref="fl-5"/>
      </object_component>
      <object_component id="oc-ad">
         <name>.debug_aranges</name>
         <load_address>0x158</load_address>
         <run_address>0x158</run_address>
         <size>0x28</size>
         <input_file_ref idref="fl-6"/>
      </object_component>
      <object_component id="oc-20">
         <name>.debug_aranges</name>
         <load_address>0x180</load_address>
         <run_address>0x180</run_address>
         <size>0x20</size>
         <input_file_ref idref="fl-c1"/>
      </object_component>
      <object_component id="oc-18">
         <name>.debug_aranges</name>
         <load_address>0x1a0</load_address>
         <run_address>0x1a0</run_address>
         <size>0x20</size>
         <input_file_ref idref="fl-c2"/>
      </object_component>
      <object_component id="oc-56">
         <name>.debug_aranges</name>
         <load_address>0x1c0</load_address>
         <run_address>0x1c0</run_address>
         <size>0x20</size>
         <input_file_ref idref="fl-c3"/>
      </object_component>
      <object_component id="oc-3a">
         <name>.debug_aranges</name>
         <load_address>0x1e0</load_address>
         <run_address>0x1e0</run_address>
         <size>0x20</size>
         <input_file_ref idref="fl-c5"/>
      </object_component>
      <object_component id="oc-e3">
         <name>.debug_aranges</name>
         <load_address>0x200</load_address>
         <run_address>0x200</run_address>
         <size>0x20</size>
         <input_file_ref idref="fl-c6"/>
      </object_component>
      <object_component id="oc-95">
         <name>.debug_aranges</name>
         <load_address>0x220</load_address>
         <run_address>0x220</run_address>
         <size>0x20</size>
         <input_file_ref idref="fl-c7"/>
      </object_component>
      <object_component id="oc-d6">
         <name>.debug_aranges</name>
         <load_address>0x240</load_address>
         <run_address>0x240</run_address>
         <size>0x20</size>
         <input_file_ref idref="fl-c9"/>
      </object_component>
      <object_component id="oc-d0">
         <name>.debug_pubnames</name>
         <load_address>0x0</load_address>
         <run_address>0x0</run_address>
         <size>0x27c</size>
         <input_file_ref idref="fl-2"/>
      </object_component>
      <object_component id="oc-b4">
         <name>.debug_pubnames</name>
         <load_address>0x27c</load_address>
         <run_address>0x27c</run_address>
         <size>0x38</size>
         <input_file_ref idref="fl-3"/>
      </object_component>
      <object_component id="oc-71">
         <name>.debug_pubnames</name>
         <load_address>0x2b4</load_address>
         <run_address>0x2b4</run_address>
         <size>0x3f</size>
         <input_file_ref idref="fl-3"/>
      </object_component>
      <object_component id="oc-9b">
         <name>.debug_pubnames</name>
         <load_address>0x2f3</load_address>
         <run_address>0x2f3</run_address>
         <size>0x1b</size>
         <input_file_ref idref="fl-4"/>
      </object_component>
      <object_component id="oc-28">
         <name>.debug_pubnames</name>
         <load_address>0x30e</load_address>
         <run_address>0x30e</run_address>
         <size>0x27</size>
         <input_file_ref idref="fl-5"/>
      </object_component>
      <object_component id="oc-6c">
         <name>.debug_pubnames</name>
         <load_address>0x335</load_address>
         <run_address>0x335</run_address>
         <size>0x38</size>
         <input_file_ref idref="fl-5"/>
      </object_component>
      <object_component id="oc-114">
         <name>.debug_pubnames</name>
         <load_address>0x36d</load_address>
         <run_address>0x36d</run_address>
         <size>0x26</size>
         <input_file_ref idref="fl-6"/>
      </object_component>
      <object_component id="oc-ae">
         <name>.debug_pubnames</name>
         <load_address>0x393</load_address>
         <run_address>0x393</run_address>
         <size>0x3b</size>
         <input_file_ref idref="fl-6"/>
      </object_component>
      <object_component id="oc-21">
         <name>.debug_pubnames</name>
         <load_address>0x3ce</load_address>
         <run_address>0x3ce</run_address>
         <size>0x2b</size>
         <input_file_ref idref="fl-c1"/>
      </object_component>
      <object_component id="oc-1b">
         <name>.debug_pubnames</name>
         <load_address>0x3f9</load_address>
         <run_address>0x3f9</run_address>
         <size>0x2b</size>
         <input_file_ref idref="fl-c2"/>
      </object_component>
      <object_component id="oc-2b">
         <name>.debug_pubnames</name>
         <load_address>0x424</load_address>
         <run_address>0x424</run_address>
         <size>0x1e</size>
         <input_file_ref idref="fl-c3"/>
      </object_component>
      <object_component id="oc-5a">
         <name>.debug_pubnames</name>
         <load_address>0x442</load_address>
         <run_address>0x442</run_address>
         <size>0x26</size>
         <input_file_ref idref="fl-c3"/>
      </object_component>
      <object_component id="oc-39">
         <name>.debug_pubnames</name>
         <load_address>0x468</load_address>
         <run_address>0x468</run_address>
         <size>0x1d</size>
         <input_file_ref idref="fl-c5"/>
      </object_component>
      <object_component id="oc-e4">
         <name>.debug_pubnames</name>
         <load_address>0x485</load_address>
         <run_address>0x485</run_address>
         <size>0x35</size>
         <input_file_ref idref="fl-c6"/>
      </object_component>
      <object_component id="oc-97">
         <name>.debug_pubnames</name>
         <load_address>0x4ba</load_address>
         <run_address>0x4ba</run_address>
         <size>0x27</size>
         <input_file_ref idref="fl-c7"/>
      </object_component>
      <object_component id="oc-d7">
         <name>.debug_pubnames</name>
         <load_address>0x4e1</load_address>
         <run_address>0x4e1</run_address>
         <size>0x1c</size>
         <input_file_ref idref="fl-c9"/>
      </object_component>
      <object_component id="oc-154">
         <name>.debug_pubtypes</name>
         <load_address>0x0</load_address>
         <run_address>0x0</run_address>
         <size>0xdd</size>
         <input_file_ref idref="fl-2"/>
      </object_component>
      <object_component id="oc-12b">
         <name>.debug_pubtypes</name>
         <load_address>0xdd</load_address>
         <run_address>0xdd</run_address>
         <size>0x2ce</size>
         <input_file_ref idref="fl-2"/>
      </object_component>
      <object_component id="oc-b9">
         <name>.debug_pubtypes</name>
         <load_address>0x3ab</load_address>
         <run_address>0x3ab</run_address>
         <size>0x25c</size>
         <input_file_ref idref="fl-2"/>
      </object_component>
      <object_component id="oc-124">
         <name>.debug_pubtypes</name>
         <load_address>0x607</load_address>
         <run_address>0x607</run_address>
         <size>0xff</size>
         <input_file_ref idref="fl-2"/>
      </object_component>
      <object_component id="oc-11f">
         <name>.debug_pubtypes</name>
         <load_address>0x706</load_address>
         <run_address>0x706</run_address>
         <size>0x330</size>
         <input_file_ref idref="fl-2"/>
      </object_component>
      <object_component id="oc-117">
         <name>.debug_pubtypes</name>
         <load_address>0xa36</load_address>
         <run_address>0xa36</run_address>
         <size>0xaa</size>
         <input_file_ref idref="fl-2"/>
      </object_component>
      <object_component id="oc-33">
         <name>.debug_pubtypes</name>
         <load_address>0xae0</load_address>
         <run_address>0xae0</run_address>
         <size>0xed</size>
         <input_file_ref idref="fl-3"/>
      </object_component>
      <object_component id="oc-3e">
         <name>.debug_pubtypes</name>
         <load_address>0xbcd</load_address>
         <run_address>0xbcd</run_address>
         <size>0x48</size>
         <input_file_ref idref="fl-c1"/>
      </object_component>
      <object_component id="oc-80">
         <name>.debug_pubtypes</name>
         <load_address>0xc15</load_address>
         <run_address>0xc15</run_address>
         <size>0x1d</size>
         <input_file_ref idref="fl-c1"/>
      </object_component>
      <object_component id="oc-2e">
         <name>.debug_pubtypes</name>
         <load_address>0xc32</load_address>
         <run_address>0xc32</run_address>
         <size>0x5d</size>
         <input_file_ref idref="fl-c2"/>
      </object_component>
      <object_component id="oc-be">
         <name>.debug_pubtypes</name>
         <load_address>0xc8f</load_address>
         <run_address>0xc8f</run_address>
         <size>0x48</size>
         <input_file_ref idref="fl-c2"/>
      </object_component>
      <object_component id="oc-79">
         <name>.debug_pubtypes</name>
         <load_address>0xcd7</load_address>
         <run_address>0xcd7</run_address>
         <size>0x35</size>
         <input_file_ref idref="fl-c2"/>
      </object_component>
      <object_component id="oc-16b">
         <name>.debug_pubtypes</name>
         <load_address>0xd0c</load_address>
         <run_address>0xd0c</run_address>
         <size>0x32</size>
         <input_file_ref idref="fl-c6"/>
      </object_component>
      <object_component id="oc-17f">
         <name>.debug_pubtypes</name>
         <load_address>0xd3e</load_address>
         <run_address>0xd3e</run_address>
         <size>0x30</size>
         <input_file_ref idref="fl-c6"/>
      </object_component>
      <object_component id="oc-170">
         <name>.debug_pubtypes</name>
         <load_address>0xd6e</load_address>
         <run_address>0xd6e</run_address>
         <size>0x2c</size>
         <input_file_ref idref="fl-c6"/>
      </object_component>
      <object_component id="oc-175">
         <name>.debug_pubtypes</name>
         <load_address>0xd9a</load_address>
         <run_address>0xd9a</run_address>
         <size>0x50</size>
         <input_file_ref idref="fl-c6"/>
      </object_component>
   </object_component_list>
   <logical_group_list>
      <logical_group id="lg-3" display="no" color="cyan">
         <name>.intvecs</name>
         <load_address>0x0</load_address>
         <run_address>0x0</run_address>
         <size>0xe4</size>
         <contents>
            <object_component_ref idref="oc-26"/>
         </contents>
      </logical_group>
      <logical_group id="lg-4" display="no" color="cyan">
         <name>.text</name>
         <load_address>0xe4</load_address>
         <run_address>0xe4</run_address>
         <size>0xbc4</size>
         <contents>
            <object_component_ref idref="oc-cd"/>
            <object_component_ref idref="oc-ab"/>
            <object_component_ref idref="oc-99"/>
            <object_component_ref idref="oc-37"/>
            <object_component_ref idref="oc-17"/>
            <object_component_ref idref="oc-e0"/>
            <object_component_ref idref="oc-6d"/>
            <object_component_ref idref="oc-55"/>
            <object_component_ref idref="oc-1d"/>
            <object_component_ref idref="oc-67"/>
            <object_component_ref idref="oc-93"/>
            <object_component_ref idref="oc-d4"/>
         </contents>
      </logical_group>
      <logical_group id="lg-5" display="no" color="cyan">
         <name>.const</name>
         <run_address>0x0</run_address>
         <size>0x0</size>
         <contents>
         </contents>
      </logical_group>
      <logical_group id="lg-6" display="no" color="cyan">
         <name>.cinit</name>
         <load_address>0xca8</load_address>
         <run_address>0xca8</run_address>
         <size>0x1c</size>
         <contents>
            <object_component_ref idref="oc-1bb"/>
            <object_component_ref idref="oc-1b9"/>
            <object_component_ref idref="oc-1ba"/>
         </contents>
      </logical_group>
      <logical_group id="lg-7" display="no" color="cyan">
         <name>.pinit</name>
         <run_address>0x0</run_address>
         <size>0x0</size>
         <contents>
         </contents>
      </logical_group>
      <logical_group id="lg-8" display="no" color="cyan">
         <name>.init_array</name>
         <run_address>0x0</run_address>
         <size>0x0</size>
         <contents>
         </contents>
      </logical_group>
      <logical_group id="lg-9" display="no" color="cyan">
         <name>.binit</name>
         <load_address>0x0</load_address>
         <run_address>0x0</run_address>
         <size>0x0</size>
         <contents>
            <object_component_ref idref="oc-18d"/>
         </contents>
      </logical_group>
      <logical_group id="lg-a" display="no" color="cyan">
         <name>.flashMailbox</name>
         <run_address>0x0</run_address>
         <size>0x0</size>
         <contents>
         </contents>
      </logical_group>
      <logical_group id="lg-b" display="no" color="cyan">
         <name>.tlvTable</name>
         <run_address>0x0</run_address>
         <size>0x0</size>
         <contents>
         </contents>
      </logical_group>
      <logical_group id="lg-c" display="no" color="cyan">
         <name>.bslArea</name>
         <run_address>0x0</run_address>
         <size>0x0</size>
         <contents>
         </contents>
      </logical_group>
      <logical_group id="lg-d" display="no" color="cyan">
         <name>.vtable</name>
         <run_address>0x0</run_address>
         <size>0x0</size>
         <contents>
         </contents>
      </logical_group>
      <logical_group id="lg-e" display="no" color="cyan">
         <name>.data</name>
         <run_address>0x20000000</run_address>
         <size>0xc</size>
         <contents>
            <object_component_ref idref="oc-b2"/>
            <object_component_ref idref="oc-112"/>
         </contents>
      </logical_group>
      <logical_group id="lg-f" display="no" color="cyan">
         <name>.bss</name>
         <run_address>0x0</run_address>
         <size>0x0</size>
         <contents>
         </contents>
      </logical_group>
      <logical_group id="lg-10" display="no" color="cyan">
         <name>.sysmem</name>
         <run_address>0x0</run_address>
         <size>0x0</size>
         <contents>
         </contents>
      </logical_group>
      <logical_group id="lg-11" display="no" color="cyan">
         <name>.stack</name>
         <run_address>0x2000fe00</run_address>
         <size>0x200</size>
         <contents>
            <object_component_ref idref="oc-29"/>
            <object_component_ref idref="oc-1bd"/>
         </contents>
      </logical_group>
      <logical_group id="lg-12" display="no" color="cyan">
         <name>.TI.ramfunc</name>
         <run_address>0x0</run_address>
         <size>0x0</size>
         <contents>
         </contents>
      </logical_group>
      <logical_group id="lg-18a" display="no" color="cyan">
         <name>.TI.noinit</name>
         <run_address>0x0</run_address>
         <size>0x0</size>
         <contents>
         </contents>
      </logical_group>
      <logical_group id="lg-18b" display="no" color="cyan">
         <name>.TI.persistent</name>
         <run_address>0x0</run_address>
         <size>0x0</size>
         <contents>
         </contents>
      </logical_group>
      <logical_group id="lg-18c" display="no" color="cyan">
         <name>__llvm_prf_cnts</name>
         <run_address>0x20000000</run_address>
         <size>0x0</size>
         <contents>
         </contents>
      </logical_group>
      <logical_group id="lg-1a1" display="never" color="cyan">
         <name>.debug_info</name>
         <load_address>0x0</load_address>
         <run_address>0x0</run_address>
         <size>0x91ae</size>
         <contents>
            <object_component_ref idref="oc-128"/>
            <object_component_ref idref="oc-ce"/>
            <object_component_ref idref="oc-153"/>
            <object_component_ref idref="oc-12a"/>
            <object_component_ref idref="oc-b8"/>
            <object_component_ref idref="oc-123"/>
            <object_component_ref idref="oc-11e"/>
            <object_component_ref idref="oc-116"/>
            <object_component_ref idref="oc-11d"/>
            <object_component_ref idref="oc-b3"/>
            <object_component_ref idref="oc-6f"/>
            <object_component_ref idref="oc-32"/>
            <object_component_ref idref="oc-9a"/>
            <object_component_ref idref="oc-75"/>
            <object_component_ref idref="oc-27"/>
            <object_component_ref idref="oc-6b"/>
            <object_component_ref idref="oc-113"/>
            <object_component_ref idref="oc-ac"/>
            <object_component_ref idref="oc-42"/>
            <object_component_ref idref="oc-1f"/>
            <object_component_ref idref="oc-3d"/>
            <object_component_ref idref="oc-7f"/>
            <object_component_ref idref="oc-7d"/>
            <object_component_ref idref="oc-1a"/>
            <object_component_ref idref="oc-2d"/>
            <object_component_ref idref="oc-bd"/>
            <object_component_ref idref="oc-78"/>
            <object_component_ref idref="oc-2a"/>
            <object_component_ref idref="oc-59"/>
            <object_component_ref idref="oc-38"/>
            <object_component_ref idref="oc-13a"/>
            <object_component_ref idref="oc-e2"/>
            <object_component_ref idref="oc-16a"/>
            <object_component_ref idref="oc-17e"/>
            <object_component_ref idref="oc-16f"/>
            <object_component_ref idref="oc-174"/>
            <object_component_ref idref="oc-96"/>
            <object_component_ref idref="oc-d5"/>
            <object_component_ref idref="oc-1be"/>
         </contents>
      </logical_group>
      <logical_group id="lg-1a3" display="never" color="cyan">
         <name>.debug_line</name>
         <load_address>0x0</load_address>
         <run_address>0x0</run_address>
         <size>0x1499</size>
         <contents>
            <object_component_ref idref="oc-159"/>
            <object_component_ref idref="oc-d2"/>
            <object_component_ref idref="oc-156"/>
            <object_component_ref idref="oc-12d"/>
            <object_component_ref idref="oc-bb"/>
            <object_component_ref idref="oc-126"/>
            <object_component_ref idref="oc-121"/>
            <object_component_ref idref="oc-119"/>
            <object_component_ref idref="oc-152"/>
            <object_component_ref idref="oc-11c"/>
            <object_component_ref idref="oc-72"/>
            <object_component_ref idref="oc-35"/>
            <object_component_ref idref="oc-9d"/>
            <object_component_ref idref="oc-b7"/>
            <object_component_ref idref="oc-74"/>
            <object_component_ref idref="oc-6a"/>
            <object_component_ref idref="oc-150"/>
            <object_component_ref idref="oc-af"/>
            <object_component_ref idref="oc-85"/>
            <object_component_ref idref="oc-22"/>
            <object_component_ref idref="oc-40"/>
            <object_component_ref idref="oc-82"/>
            <object_component_ref idref="oc-c3"/>
            <object_component_ref idref="oc-1c"/>
            <object_component_ref idref="oc-30"/>
            <object_component_ref idref="oc-c0"/>
            <object_component_ref idref="oc-7b"/>
            <object_component_ref idref="oc-77"/>
            <object_component_ref idref="oc-57"/>
            <object_component_ref idref="oc-3b"/>
            <object_component_ref idref="oc-169"/>
            <object_component_ref idref="oc-e5"/>
            <object_component_ref idref="oc-16d"/>
            <object_component_ref idref="oc-181"/>
            <object_component_ref idref="oc-172"/>
            <object_component_ref idref="oc-177"/>
            <object_component_ref idref="oc-98"/>
            <object_component_ref idref="oc-d8"/>
         </contents>
      </logical_group>
      <logical_group id="lg-1a5" display="never" color="cyan">
         <name>.debug_frame</name>
         <load_address>0x0</load_address>
         <run_address>0x0</run_address>
         <size>0x628</size>
         <contents>
            <object_component_ref idref="oc-d1"/>
            <object_component_ref idref="oc-6e"/>
            <object_component_ref idref="oc-9e"/>
            <object_component_ref idref="oc-68"/>
            <object_component_ref idref="oc-b0"/>
            <object_component_ref idref="oc-1e"/>
            <object_component_ref idref="oc-19"/>
            <object_component_ref idref="oc-58"/>
            <object_component_ref idref="oc-e1"/>
            <object_component_ref idref="oc-94"/>
            <object_component_ref idref="oc-d9"/>
         </contents>
      </logical_group>
      <logical_group id="lg-1a7" display="never" color="cyan">
         <name>.debug_abbrev</name>
         <load_address>0x0</load_address>
         <run_address>0x0</run_address>
         <size>0xcc0</size>
         <contents>
            <object_component_ref idref="oc-158"/>
            <object_component_ref idref="oc-129"/>
            <object_component_ref idref="oc-155"/>
            <object_component_ref idref="oc-12c"/>
            <object_component_ref idref="oc-ba"/>
            <object_component_ref idref="oc-125"/>
            <object_component_ref idref="oc-120"/>
            <object_component_ref idref="oc-118"/>
            <object_component_ref idref="oc-151"/>
            <object_component_ref idref="oc-11b"/>
            <object_component_ref idref="oc-b5"/>
            <object_component_ref idref="oc-34"/>
            <object_component_ref idref="oc-d3"/>
            <object_component_ref idref="oc-b6"/>
            <object_component_ref idref="oc-73"/>
            <object_component_ref idref="oc-b1"/>
            <object_component_ref idref="oc-14f"/>
            <object_component_ref idref="oc-115"/>
            <object_component_ref idref="oc-84"/>
            <object_component_ref idref="oc-3c"/>
            <object_component_ref idref="oc-3f"/>
            <object_component_ref idref="oc-81"/>
            <object_component_ref idref="oc-c2"/>
            <object_component_ref idref="oc-2c"/>
            <object_component_ref idref="oc-2f"/>
            <object_component_ref idref="oc-bf"/>
            <object_component_ref idref="oc-7a"/>
            <object_component_ref idref="oc-76"/>
            <object_component_ref idref="oc-a2"/>
            <object_component_ref idref="oc-7e"/>
            <object_component_ref idref="oc-168"/>
            <object_component_ref idref="oc-139"/>
            <object_component_ref idref="oc-16c"/>
            <object_component_ref idref="oc-180"/>
            <object_component_ref idref="oc-171"/>
            <object_component_ref idref="oc-176"/>
            <object_component_ref idref="oc-cc"/>
            <object_component_ref idref="oc-12f"/>
            <object_component_ref idref="oc-1bf"/>
         </contents>
      </logical_group>
      <logical_group id="lg-1a9" display="never" color="cyan">
         <name>.debug_str</name>
         <load_address>0x0</load_address>
         <run_address>0x0</run_address>
         <size>0x3030</size>
         <contents>
            <object_component_ref idref="oc-157"/>
            <object_component_ref idref="oc-12e"/>
            <object_component_ref idref="oc-bc"/>
            <object_component_ref idref="oc-127"/>
            <object_component_ref idref="oc-122"/>
            <object_component_ref idref="oc-11a"/>
            <object_component_ref idref="oc-36"/>
            <object_component_ref idref="oc-41"/>
            <object_component_ref idref="oc-83"/>
            <object_component_ref idref="oc-31"/>
            <object_component_ref idref="oc-c1"/>
            <object_component_ref idref="oc-7c"/>
            <object_component_ref idref="oc-16e"/>
            <object_component_ref idref="oc-182"/>
            <object_component_ref idref="oc-173"/>
            <object_component_ref idref="oc-178"/>
         </contents>
      </logical_group>
      <logical_group id="lg-1ab" display="never" color="cyan">
         <name>.debug_aranges</name>
         <load_address>0x0</load_address>
         <run_address>0x0</run_address>
         <size>0x260</size>
         <contents>
            <object_component_ref idref="oc-cf"/>
            <object_component_ref idref="oc-70"/>
            <object_component_ref idref="oc-9c"/>
            <object_component_ref idref="oc-69"/>
            <object_component_ref idref="oc-ad"/>
            <object_component_ref idref="oc-20"/>
            <object_component_ref idref="oc-18"/>
            <object_component_ref idref="oc-56"/>
            <object_component_ref idref="oc-3a"/>
            <object_component_ref idref="oc-e3"/>
            <object_component_ref idref="oc-95"/>
            <object_component_ref idref="oc-d6"/>
         </contents>
      </logical_group>
      <logical_group id="lg-1ad" display="never" color="cyan">
         <name>.debug_pubnames</name>
         <load_address>0x0</load_address>
         <run_address>0x0</run_address>
         <size>0x4fd</size>
         <contents>
            <object_component_ref idref="oc-d0"/>
            <object_component_ref idref="oc-b4"/>
            <object_component_ref idref="oc-71"/>
            <object_component_ref idref="oc-9b"/>
            <object_component_ref idref="oc-28"/>
            <object_component_ref idref="oc-6c"/>
            <object_component_ref idref="oc-114"/>
            <object_component_ref idref="oc-ae"/>
            <object_component_ref idref="oc-21"/>
            <object_component_ref idref="oc-1b"/>
            <object_component_ref idref="oc-2b"/>
            <object_component_ref idref="oc-5a"/>
            <object_component_ref idref="oc-39"/>
            <object_component_ref idref="oc-e4"/>
            <object_component_ref idref="oc-97"/>
            <object_component_ref idref="oc-d7"/>
         </contents>
      </logical_group>
      <logical_group id="lg-1af" display="never" color="cyan">
         <name>.debug_pubtypes</name>
         <load_address>0x0</load_address>
         <run_address>0x0</run_address>
         <size>0xdea</size>
         <contents>
            <object_component_ref idref="oc-154"/>
            <object_component_ref idref="oc-12b"/>
            <object_component_ref idref="oc-b9"/>
            <object_component_ref idref="oc-124"/>
            <object_component_ref idref="oc-11f"/>
            <object_component_ref idref="oc-117"/>
            <object_component_ref idref="oc-33"/>
            <object_component_ref idref="oc-3e"/>
            <object_component_ref idref="oc-80"/>
            <object_component_ref idref="oc-2e"/>
            <object_component_ref idref="oc-be"/>
            <object_component_ref idref="oc-79"/>
            <object_component_ref idref="oc-16b"/>
            <object_component_ref idref="oc-17f"/>
            <object_component_ref idref="oc-170"/>
            <object_component_ref idref="oc-175"/>
         </contents>
      </logical_group>
      <logical_group id="lg-1bc" display="no" color="cyan">
         <name>Veneer$$CMSE</name>
         <run_address>0x0</run_address>
         <size>0x0</size>
         <contents>
         </contents>
      </logical_group>
      <load_segment id="lg-1c1" display="no" color="cyan">
         <name>SEGMENT_0</name>
         <load_address>0x0</load_address>
         <run_address>0x0</run_address>
         <size>0xcc4</size>
         <flags>0x5</flags>
         <contents>
            <logical_group_ref idref="lg-3"/>
            <logical_group_ref idref="lg-4"/>
            <logical_group_ref idref="lg-6"/>
         </contents>
      </load_segment>
      <load_segment id="lg-1c2" display="no" color="cyan">
         <name>SEGMENT_1</name>
         <run_address>0x20000000</run_address>
         <size>0xc</size>
         <flags>0x6</flags>
         <contents>
            <logical_group_ref idref="lg-e"/>
         </contents>
      </load_segment>
      <load_segment id="lg-1c3" display="no" color="cyan">
         <name>SEGMENT_2</name>
         <run_address>0x2000fe00</run_address>
         <size>0x200</size>
         <flags>0x6</flags>
         <contents>
            <logical_group_ref idref="lg-11"/>
         </contents>
      </load_segment>
   </logical_group_list>
   <placement_map>
      <memory_area display="yes" color="green">
         <name>MAIN</name>
         <page_id>0x0</page_id>
         <origin>0x0</origin>
         <length>0x40000</length>
         <used_space>0xcc4</used_space>
         <unused_space>0x3f33c</unused_space>
         <attributes>RX</attributes>
         <usage_details>
            <allocated_space>
               <start_address>0x0</start_address>
               <size>0x0</size>
               <logical_group_ref idref="lg-9"/>
            </allocated_space>
            <allocated_space>
               <start_address>0x0</start_address>
               <size>0xe4</size>
               <logical_group_ref idref="lg-3"/>
            </allocated_space>
            <allocated_space>
               <start_address>0xe4</start_address>
               <size>0xbc4</size>
               <logical_group_ref idref="lg-4"/>
            </allocated_space>
            <allocated_space>
               <start_address>0xca8</start_address>
               <size>0x1c</size>
               <logical_group_ref idref="lg-6"/>
            </allocated_space>
            <available_space>
               <start_address>0xcc4</start_address>
               <size>0x3f33c</size>
            </available_space>
         </usage_details>
      </memory_area>
      <memory_area display="yes" color="green">
         <name>INFO</name>
         <page_id>0x0</page_id>
         <origin>0x200000</origin>
         <length>0x4000</length>
         <used_space>0x0</used_space>
         <unused_space>0x4000</unused_space>
         <attributes>RX</attributes>
         <usage_details>
         </usage_details>
      </memory_area>
      <memory_area display="yes" color="green">
         <name>SRAM_CODE</name>
         <page_id>0x0</page_id>
         <origin>0x1000000</origin>
         <length>0x10000</length>
         <used_space>0x20c</used_space>
         <unused_space>0xfdf4</unused_space>
         <attributes>RWX</attributes>
         <usage_details>
            <allocated_space>
               <start_address>0x1000000</start_address>
               <size>0x0</size>
               <logical_group_ref idref="lg-18c"/>
            </allocated_space>
            <allocated_space>
               <start_address>0x1000000</start_address>
               <size>0xc</size>
               <logical_group_ref idref="lg-e"/>
            </allocated_space>
            <available_space>
               <start_address>0x100000c</start_address>
               <size>0xfdf4</size>
            </available_space>
            <allocated_space>
               <start_address>0x100fe00</start_address>
               <size>0x200</size>
               <logical_group_ref idref="lg-11"/>
            </allocated_space>
         </usage_details>
      </memory_area>
      <memory_area display="yes" color="green">
         <name>SRAM_DATA</name>
         <page_id>0x0</page_id>
         <origin>0x20000000</origin>
         <length>0x10000</length>
         <used_space>0x20c</used_space>
         <unused_space>0xfdf4</unused_space>
         <attributes>RW</attributes>
         <usage_details>
            <allocated_space>
               <start_address>0x20000000</start_address>
               <size>0x0</size>
               <logical_group_ref idref="lg-18c"/>
            </allocated_space>
            <allocated_space>
               <start_address>0x20000000</start_address>
               <size>0xc</size>
               <logical_group_ref idref="lg-e"/>
            </allocated_space>
            <available_space>
               <start_address>0x2000000c</start_address>
               <size>0xfdf4</size>
            </available_space>
            <allocated_space>
               <start_address>0x2000fe00</start_address>
               <size>0x200</size>
               <logical_group_ref idref="lg-11"/>
            </allocated_space>
         </usage_details>
      </memory_area>
   </placement_map>
   <cptbl_list>
      <cptbl>
         <name>__TI_cinit_table</name>
         <cprec>
            <name>.data</name>
            <load_address>0xca8</load_address>
            <load_size>0xb</load_size>
            <run_address>0x20000000</run_address>
            <run_size>0xc</run_size>
            <compression>lzss</compression>
         </cprec>
      </cptbl>
   </cptbl_list>
   <handler_table>
      <handler_table_name>__TI_handler_table</handler_table_name>
      <handler>
         <index>0x0</index>
         <name>__TI_decompress_lzss</name>
      </handler>
      <handler>
         <index>0x1</index>
         <name>__TI_decompress_none</name>
      </handler>
   </handler_table>
   <symbol_table>
      <symbol id="sm-1">
         <name>WDTCTL_SYM</name>
         <value>0x4000480c</value>
      </symbol>
      <symbol id="sm-2">
         <name>__start___llvm_prf_cnts</name>
         <value>0x20000000</value>
      </symbol>
      <symbol id="sm-3">
         <name>__stop___llvm_prf_cnts</name>
         <value>0x20000000</value>
      </symbol>
      <symbol id="sm-4">
         <name>__TI_CINIT_Base</name>
         <value>0xcbc</value>
      </symbol>
      <symbol id="sm-5">
         <name>__TI_CINIT_Limit</name>
         <value>0xcc4</value>
      </symbol>
      <symbol id="sm-6">
         <name>__TI_Handler_Table_Base</name>
         <value>0xcb4</value>
      </symbol>
      <symbol id="sm-7">
         <name>__TI_Handler_Table_Limit</name>
         <value>0xcbc</value>
      </symbol>
      <symbol id="sm-8">
         <name>binit</name>
         <value>0xffffffff</value>
      </symbol>
      <symbol id="sm-9">
         <name>__binit__</name>
         <value>0xffffffff</value>
      </symbol>
      <symbol id="sm-a">
         <name>__STACK_SIZE</name>
         <value>0x200</value>
      </symbol>
      <symbol id="sm-b">
         <name>__STACK_END</name>
         <value>0x20010000</value>
      </symbol>
      <symbol id="sm-c">
         <name>__c_args__</name>
         <value>0xffffffff</value>
      </symbol>
      <symbol id="sm-d">
         <name>__TI_pprof_out_hndl</name>
         <value>0xffffffff</value>
      </symbol>
      <symbol id="sm-e">
         <name>__TI_prof_data_start</name>
         <value>0xffffffff</value>
      </symbol>
      <symbol id="sm-f">
         <name>__TI_prof_data_size</name>
         <value>0xffffffff</value>
      </symbol>
      <symbol id="sm-c3">
         <name>ece353_button1_wait_for_press</name>
         <value>0x2c5</value>
         <object_component_ref idref="oc-cd"/>
      </symbol>
      <symbol id="sm-c4">
         <name>ece353_MKII_S1_Init</name>
         <value>0x2f1</value>
         <object_component_ref idref="oc-cd"/>
      </symbol>
      <symbol id="sm-c5">
         <name>ece353_MKII_S2_Init</name>
         <value>0x2fd</value>
         <object_component_ref idref="oc-cd"/>
      </symbol>
      <symbol id="sm-c6">
         <name>ece353_MKII_Buzzer_On</name>
         <value>0x329</value>
         <object_component_ref idref="oc-cd"/>
      </symbol>
      <symbol id="sm-c7">
         <name>ece353_led1_init</name>
         <value>0x14f</value>
         <object_component_ref idref="oc-cd"/>
      </symbol>
      <symbol id="sm-c8">
         <name>ece353_rgb_init</name>
         <value>0x1bd</value>
         <object_component_ref idref="oc-cd"/>
      </symbol>
      <symbol id="sm-c9">
         <name>ece353_button1</name>
         <value>0x1ad</value>
         <object_component_ref idref="oc-cd"/>
      </symbol>
      <symbol id="sm-ca">
         <name>ece353_button2</name>
         <value>0x283</value>
         <object_component_ref idref="oc-cd"/>
      </symbol>
      <symbol id="sm-cb">
         <name>ece353_MKII_RGB_PWM</name>
         <value>0x441</value>
         <object_component_ref idref="oc-cd"/>
      </symbol>
      <symbol id="sm-cc">
         <name>ece353_rgb</name>
         <value>0x1fb</value>
         <object_component_ref idref="oc-cd"/>
      </symbol>
      <symbol id="sm-cd">
         <name>ece353_MKII_Buzzer_Init</name>
         <value>0x3d1</value>
         <object_component_ref idref="oc-cd"/>
      </symbol>
      <symbol id="sm-ce">
         <name>ece353_MKII_Buzzer_Run_Status</name>
         <value>0x351</value>
         <object_component_ref idref="oc-cd"/>
      </symbol>
      <symbol id="sm-cf">
         <name>ece353_T32_1_Interrupt_Ms</name>
         <value>0x51d</value>
         <object_component_ref idref="oc-cd"/>
      </symbol>
      <symbol id="sm-d0">
         <name>ece353_ADC14_PS2_XY</name>
         <value>0x5a7</value>
         <object_component_ref idref="oc-cd"/>
      </symbol>
      <symbol id="sm-d1">
         <name>ece353_MKII_RGB_LED</name>
         <value>0x60d</value>
         <object_component_ref idref="oc-cd"/>
      </symbol>
      <symbol id="sm-d2">
         <name>ece353_ADC14_PS2_X</name>
         <value>0x565</value>
         <object_component_ref idref="oc-cd"/>
      </symbol>
      <symbol id="sm-d3">
         <name>ece353_MKII_RGB_IO_Init</name>
         <value>0x365</value>
         <object_component_ref idref="oc-cd"/>
      </symbol>
      <symbol id="sm-d4">
         <name>ece353_T32_1_wait_100mS</name>
         <value>0x293</value>
         <object_component_ref idref="oc-cd"/>
      </symbol>
      <symbol id="sm-d5">
         <name>ece353_MKII_S2</name>
         <value>0x319</value>
         <object_component_ref idref="oc-cd"/>
      </symbol>
      <symbol id="sm-d6">
         <name>ece353_MKII_S1</name>
         <value>0x309</value>
         <object_component_ref idref="oc-cd"/>
      </symbol>
      <symbol id="sm-d7">
         <name>ece353_button2_init</name>
         <value>0x263</value>
         <object_component_ref idref="oc-cd"/>
      </symbol>
      <symbol id="sm-d8">
         <name>ece353_button1_init</name>
         <value>0x165</value>
         <object_component_ref idref="oc-cd"/>
      </symbol>
      <symbol id="sm-d9">
         <name>ece353_led1</name>
         <value>0x185</value>
         <object_component_ref idref="oc-cd"/>
      </symbol>
      <symbol id="sm-da">
         <name>ece353_MKII_Buzzer_Off</name>
         <value>0x343</value>
         <object_component_ref idref="oc-cd"/>
      </symbol>
      <symbol id="sm-fb">
         <name>JOYSTICK_Y_DIR</name>
         <value>0x20000004</value>
         <object_component_ref idref="oc-b2"/>
      </symbol>
      <symbol id="sm-fc">
         <name>JOYSTICK_X_DIR</name>
         <value>0x20000000</value>
         <object_component_ref idref="oc-b2"/>
      </symbol>
      <symbol id="sm-fd">
         <name>ADC14_IRQHandler</name>
         <value>0xc27</value>
         <object_component_ref idref="oc-6d"/>
      </symbol>
      <symbol id="sm-fe">
         <name>T32_INT1_IRQHandler</name>
         <value>0xc15</value>
         <object_component_ref idref="oc-6d"/>
      </symbol>
      <symbol id="sm-112">
         <name>main</name>
         <value>0xa29</value>
         <object_component_ref idref="oc-99"/>
      </symbol>
      <symbol id="sm-127">
         <name>Reset_Handler</name>
         <value>0xc93</value>
         <object_component_ref idref="oc-67"/>
      </symbol>
      <symbol id="sm-128">
         <name>Default_Handler</name>
         <value>0xc9f</value>
         <object_component_ref idref="oc-67"/>
      </symbol>
      <symbol id="sm-129">
         <name>interruptVectors</name>
         <value>0x0</value>
         <object_component_ref idref="oc-26"/>
      </symbol>
      <symbol id="sm-171">
         <name>SystemInit</name>
         <value>0x96d</value>
         <object_component_ref idref="oc-ab"/>
      </symbol>
      <symbol id="sm-172">
         <name>SystemCoreClockUpdate</name>
         <value>0x6f5</value>
         <object_component_ref idref="oc-ab"/>
      </symbol>
      <symbol id="sm-173">
         <name>SystemCoreClock</name>
         <value>0x20000008</value>
         <object_component_ref idref="oc-112"/>
      </symbol>
      <symbol id="sm-18b">
         <name>__TI_decompress_none</name>
         <value>0xc85</value>
         <object_component_ref idref="oc-1d"/>
      </symbol>
      <symbol id="sm-1ae">
         <name>__TI_decompress_lzss</name>
         <value>0xb69</value>
         <object_component_ref idref="oc-17"/>
      </symbol>
      <symbol id="sm-1c1">
         <name>__stack</name>
         <value>0x2000fe00</value>
         <object_component_ref idref="oc-29"/>
      </symbol>
      <symbol id="sm-1c2">
         <name>_c_int00_noargs</name>
         <value>0xc51</value>
         <object_component_ref idref="oc-55"/>
      </symbol>
      <symbol id="sm-1de">
         <name>memcpy</name>
         <value>0xacd</value>
         <object_component_ref idref="oc-37"/>
      </symbol>
      <symbol id="sm-1df">
         <name>__aeabi_memcpy</name>
         <value>0xacd</value>
         <object_component_ref idref="oc-37"/>
      </symbol>
      <symbol id="sm-1e0">
         <name>__aeabi_memcpy8</name>
         <value>0xacd</value>
         <object_component_ref idref="oc-37"/>
      </symbol>
      <symbol id="sm-1e1">
         <name>__aeabi_memcpy4</name>
         <value>0xacd</value>
         <object_component_ref idref="oc-37"/>
      </symbol>
      <symbol id="sm-209">
         <name>__TI_auto_init_nobinit_nopinit</name>
         <value>0xbd1</value>
         <object_component_ref idref="oc-e0"/>
      </symbol>
      <symbol id="sm-213">
         <name>_system_pre_init</name>
         <value>0xca1</value>
         <object_component_ref idref="oc-93"/>
      </symbol>
      <symbol id="sm-21f">
         <name>C$$EXIT</name>
         <value>0xca5</value>
         <object_component_ref idref="oc-d4"/>
      </symbol>
      <symbol id="sm-220">
         <name>abort</name>
         <value>0xca5</value>
         <object_component_ref idref="oc-d4"/>
      </symbol>
      <symbol id="sm-223">
         <name>__TI_static_base__</name>
         <value>0x0</value>
      </symbol>
      <symbol id="sm-226">
         <name>__mpu_init</name>
         <value>0x0</value>
      </symbol>
      <symbol id="sm-227">
         <name>_system_post_cinit</name>
         <value>0x0</value>
      </symbol>
      <symbol id="sm-228">
         <name>NMI_Handler</name>
         <value>0xc9f</value>
      </symbol>
      <symbol id="sm-229">
         <name>HardFault_Handler</name>
         <value>0xc9f</value>
      </symbol>
      <symbol id="sm-22a">
         <name>MemManage_Handler</name>
         <value>0xc9f</value>
      </symbol>
      <symbol id="sm-22b">
         <name>BusFault_Handler</name>
         <value>0xc9f</value>
      </symbol>
      <symbol id="sm-22c">
         <name>UsageFault_Handler</name>
         <value>0xc9f</value>
      </symbol>
      <symbol id="sm-22d">
         <name>SVC_Handler</name>
         <value>0xc9f</value>
      </symbol>
      <symbol id="sm-22e">
         <name>DebugMon_Handler</name>
         <value>0xc9f</value>
      </symbol>
      <symbol id="sm-22f">
         <name>PendSV_Handler</name>
         <value>0xc9f</value>
      </symbol>
      <symbol id="sm-230">
         <name>SysTick_Handler</name>
         <value>0xc9f</value>
      </symbol>
      <symbol id="sm-231">
         <name>PSS_IRQHandler</name>
         <value>0xc9f</value>
      </symbol>
      <symbol id="sm-232">
         <name>CS_IRQHandler</name>
         <value>0xc9f</value>
      </symbol>
      <symbol id="sm-233">
         <name>PCM_IRQHandler</name>
         <value>0xc9f</value>
      </symbol>
      <symbol id="sm-234">
         <name>WDT_A_IRQHandler</name>
         <value>0xc9f</value>
      </symbol>
      <symbol id="sm-235">
         <name>FPU_IRQHandler</name>
         <value>0xc9f</value>
      </symbol>
      <symbol id="sm-236">
         <name>FLCTL_IRQHandler</name>
         <value>0xc9f</value>
      </symbol>
      <symbol id="sm-237">
         <name>COMP_E0_IRQHandler</name>
         <value>0xc9f</value>
      </symbol>
      <symbol id="sm-238">
         <name>COMP_E1_IRQHandler</name>
         <value>0xc9f</value>
      </symbol>
      <symbol id="sm-239">
         <name>TA0_0_IRQHandler</name>
         <value>0xc9f</value>
      </symbol>
      <symbol id="sm-23a">
         <name>TA0_N_IRQHandler</name>
         <value>0xc9f</value>
      </symbol>
      <symbol id="sm-23b">
         <name>TA1_0_IRQHandler</name>
         <value>0xc9f</value>
      </symbol>
      <symbol id="sm-23c">
         <name>TA1_N_IRQHandler</name>
         <value>0xc9f</value>
      </symbol>
      <symbol id="sm-23d">
         <name>TA2_0_IRQHandler</name>
         <value>0xc9f</value>
      </symbol>
      <symbol id="sm-23e">
         <name>TA2_N_IRQHandler</name>
         <value>0xc9f</value>
      </symbol>
      <symbol id="sm-23f">
         <name>TA3_0_IRQHandler</name>
         <value>0xc9f</value>
      </symbol>
      <symbol id="sm-240">
         <name>TA3_N_IRQHandler</name>
         <value>0xc9f</value>
      </symbol>
      <symbol id="sm-241">
         <name>EUSCIA0_IRQHandler</name>
         <value>0xc9f</value>
      </symbol>
      <symbol id="sm-242">
         <name>EUSCIA1_IRQHandler</name>
         <value>0xc9f</value>
      </symbol>
      <symbol id="sm-243">
         <name>EUSCIA2_IRQHandler</name>
         <value>0xc9f</value>
      </symbol>
      <symbol id="sm-244">
         <name>EUSCIA3_IRQHandler</name>
         <value>0xc9f</value>
      </symbol>
      <symbol id="sm-245">
         <name>EUSCIB0_IRQHandler</name>
         <value>0xc9f</value>
      </symbol>
      <symbol id="sm-246">
         <name>EUSCIB1_IRQHandler</name>
         <value>0xc9f</value>
      </symbol>
      <symbol id="sm-247">
         <name>EUSCIB2_IRQHandler</name>
         <value>0xc9f</value>
      </symbol>
      <symbol id="sm-248">
         <name>EUSCIB3_IRQHandler</name>
         <value>0xc9f</value>
      </symbol>
      <symbol id="sm-249">
         <name>ADC14_IRQHandler</name>
         <value>0xc27</value>
      </symbol>
      <symbol id="sm-24a">
         <name>T32_INT1_IRQHandler</name>
         <value>0xc15</value>
      </symbol>
      <symbol id="sm-24b">
         <name>T32_INT2_IRQHandler</name>
         <value>0xc9f</value>
      </symbol>
      <symbol id="sm-24c">
         <name>T32_INTC_IRQHandler</name>
         <value>0xc9f</value>
      </symbol>
      <symbol id="sm-24d">
         <name>AES256_IRQHandler</name>
         <value>0xc9f</value>
      </symbol>
      <symbol id="sm-24e">
         <name>RTC_C_IRQHandler</name>
         <value>0xc9f</value>
      </symbol>
      <symbol id="sm-24f">
         <name>DMA_ERR_IRQHandler</name>
         <value>0xc9f</value>
      </symbol>
      <symbol id="sm-250">
         <name>DMA_INT3_IRQHandler</name>
         <value>0xc9f</value>
      </symbol>
      <symbol id="sm-251">
         <name>DMA_INT2_IRQHandler</name>
         <value>0xc9f</value>
      </symbol>
      <symbol id="sm-252">
         <name>DMA_INT1_IRQHandler</name>
         <value>0xc9f</value>
      </symbol>
      <symbol id="sm-253">
         <name>DMA_INT0_IRQHandler</name>
         <value>0xc9f</value>
      </symbol>
      <symbol id="sm-254">
         <name>PORT1_IRQHandler</name>
         <value>0xc9f</value>
      </symbol>
      <symbol id="sm-255">
         <name>PORT2_IRQHandler</name>
         <value>0xc9f</value>
      </symbol>
      <symbol id="sm-256">
         <name>PORT3_IRQHandler</name>
         <value>0xc9f</value>
      </symbol>
      <symbol id="sm-257">
         <name>PORT4_IRQHandler</name>
         <value>0xc9f</value>
      </symbol>
      <symbol id="sm-258">
         <name>PORT5_IRQHandler</name>
         <value>0xc9f</value>
      </symbol>
      <symbol id="sm-259">
         <name>PORT6_IRQHandler</name>
         <value>0xc9f</value>
      </symbol>
   </symbol_table>
   <title>Link successful</title>
</link_info>
