******************************************************************************
                  TI ARM Linker PC v20.2.4                     
******************************************************************************
>> Linked Fri Apr 15 11:53:26 2022

OUTPUT FILE NAME:   <HW3.out>
ENTRY POINT SYMBOL: "_c_int00_noargs"  address: 00002619


MEMORY CONFIGURATION

         name            origin    length      used     unused   attr    fill
----------------------  --------  ---------  --------  --------  ----  --------
  MAIN                  00000000   00040000  00002dee  0003d212  R  X
  INFO                  00200000   00004000  00000000  00004000  R  X
  SRAM_CODE             01000000   00010000  00000243  0000fdbd  RW X
  SRAM_DATA             20000000   00010000  00000243  0000fdbd  RW  


SEGMENT ALLOCATION MAP

run origin  load origin   length   init length attrs members
----------  ----------- ---------- ----------- ----- -------
00000000    00000000    00002df0   00002df0    r-x
  00000000    00000000    000000e4   000000e4    r-- .intvecs
  000000e4    000000e4    000025ec   000025ec    r-x .text
  000026d0    000026d0    000006c6   000006c6    r-- .const
  00002d98    00002d98    00000058   00000058    r-- .cinit
20000000    20000000    00000044   00000000    rw-
  20000000    20000000    00000037   00000000    rw- .data
  20000038    20000038    0000000c   00000000    rw- .bss
2000fe00    2000fe00    00000200   00000000    rw-
  2000fe00    2000fe00    00000200   00000000    rw- .stack


SECTION ALLOCATION MAP

 output                                  attributes/
section   page    origin      length       input sections
--------  ----  ----------  ----------   ----------------
.intvecs   0    00000000    000000e4     
                  00000000    000000e4     startup_msp432p401r_ccs.obj (.intvecs:retain)

.text      0    000000e4    000025ec     
                  000000e4    0000138c     tic_tac_toe.obj (.text)
                  00001470    00000670     ece353.obj (.text)
                  00001ae0    000005bc     hw-02-lcd.lib : lcd.obj (.text)
                  0000209c    00000354     system_msp432p401r.obj (.text)
                  000023f0    000000e0     timer32.obj (.text)
                  000024d0    0000009c     rtsv7M4_T_le_v4SPD16_eabi.lib : memcpy_t2.asm.obj (.text)
                  0000256c    00000068                                   : copy_decompress_lzss.c.obj (.text:decompress:lzss:__TI_decompress_lzss)
                  000025d4    00000044                                   : autoinit.c.obj (.text:__TI_auto_init_nobinit_nopinit:__TI_auto_init_nobinit_nopinit)
                  00002618    00000034                                   : boot_cortex_m.c.obj (.text:_c_int00_noargs:_c_int00_noargs)
                  0000264c    0000002c     ps2.obj (.text)
                  00002678    0000001c     rtsv7M4_T_le_v4SPD16_eabi.lib : copy_zero_init.c.obj (.text:decompress:ZI:__TI_zero_init_nomemset:__TI_zero_init_nomemset)
                  00002694    00000018     main.obj (.text)
                  000026ac    0000000e     rtsv7M4_T_le_v4SPD16_eabi.lib : copy_decompress_none.c.obj (.text:decompress:none:__TI_decompress_none)
                  000026ba    0000000e     startup_msp432p401r_ccs.obj (.text)
                  000026c8    00000004     rtsv7M4_T_le_v4SPD16_eabi.lib : pre_init.c.obj (.text:_system_pre_init)
                  000026cc    00000004                                   : exit.c.obj (.text:abort:abort)

.const     0    000026d0    000006c6     
                  000026d0    00000234     hw-02-lcd.lib : tic_tac_toe_images.obj (.const:.string:tieBitmaps)
                  00002904    00000228                   : tic_tac_toe_images.obj (.const:.string:x_WinsBitmaps)
                  00002b2c    000001ce                   : tic_tac_toe_images.obj (.const:.string:o_WinsBitmaps)
                  00002cfa    0000004b     tic_tac_toe_images.obj (.const:.string:Bitmaps_O)
                  00002d45    0000004b     tic_tac_toe_images.obj (.const:.string:Bitmaps_X)
                  00002d90    00000006     hw-02-lcd.lib : tic_tac_toe_images.obj (.const)

.cinit     0    00002d98    00000058     
                  00002d98    00000030     (.cinit..data.load) [load image, compression = lzss]
                  00002dc8    0000000c     (__TI_handler_table)
                  00002dd4    00000004     --HOLE-- [fill = 0]
                  00002dd8    00000008     (.cinit..bss.load) [load image, compression = zero_init]
                  00002de0    00000010     (__TI_cinit_table)

.init_array 
*          0    00000000    00000000     UNINITIALIZED

.binit     0    00000000    00000000     

.data      0    20000000    00000037     UNINITIALIZED
                  20000000    00000024     tic_tac_toe.obj (.data:board)
                  20000024    0000000c     tic_tac_toe.obj (.data)
                  20000030    00000004     system_msp432p401r.obj (.data)
                  20000034    00000003     timer32.obj (.data)

.bss       0    20000038    0000000c     UNINITIALIZED
                  20000038    00000004     (.common:JS_X)
                  2000003c    00000004     (.common:JS_Y)
                  20000040    00000002     (.common:Lcd_ScreenHeigth)
                  20000042    00000002     (.common:Lcd_ScreenWidth)

.stack     0    2000fe00    00000200     UNINITIALIZED
                  2000fe00    00000004     rtsv7M4_T_le_v4SPD16_eabi.lib : boot_cortex_m.c.obj (.stack)
                  2000fe04    000001fc     --HOLE--

__llvm_prf_cnts 
*          0    20000000    00000000     UNINITIALIZED

MODULE SUMMARY

       Module                        code   ro data   rw data
       ------                        ----   -------   -------
    .\
       tic_tac_toe.obj               5004   0         96     
       ece353.obj                    1648   0         0      
       system_msp432p401r.obj        852    0         8      
       startup_msp432p401r_ccs.obj   14     228       0      
       timer32.obj                   224    0         6      
       tic_tac_toe_images.obj        0      150       0      
       ps2.obj                       44     0         16     
       main.obj                      24     0         0      
    +--+-----------------------------+------+---------+---------+
       Total:                        7810   378       126    
                                                             
    ../hw-02-lcd.lib
       tic_tac_toe_images.obj        0      1584      0      
       lcd.obj                       1468   0         8      
    +--+-----------------------------+------+---------+---------+
       Total:                        1468   1584      8      
                                                             
    C:\ProgramData\App-V\883E8076-D99D-4911-93C4-940332A6BE1F\BFE39798-EFFD-4CAF-929B-E5A85FC35347\Root\ccs\tools\compiler\ti-cgt-arm_20.2.4.LTS\lib\rtsv7M4_T_le_v4SPD16_eabi.lib
       memcpy_t2.asm.obj             156    0         0      
       copy_decompress_lzss.c.obj    104    0         0      
       autoinit.c.obj                68     0         0      
       boot_cortex_m.c.obj           52     0         0      
       copy_zero_init.c.obj          28     0         0      
       copy_decompress_none.c.obj    14     0         0      
       exit.c.obj                    4      0         0      
       pre_init.c.obj                4      0         0      
    +--+-----------------------------+------+---------+---------+
       Total:                        430    0         0      
                                                             
       Stack:                        0      0         1024   
       Linker Generated:             0      84        0      
    +--+-----------------------------+------+---------+---------+
       Grand Total:                  9708   2046      1158   


LINKER GENERATED COPY TABLES

__TI_cinit_table @ 00002de0 records: 2, size/record: 8, table size: 16
	.data: load addr=00002d98, load size=00000030 bytes, run addr=20000000, run size=00000037 bytes, compression=lzss
	.bss: load addr=00002dd8, load size=00000008 bytes, run addr=20000038, run size=0000000c bytes, compression=zero_init


LINKER GENERATED HANDLER TABLE

__TI_handler_table @ 00002dc8 records: 3, size/record: 4, table size: 12
	index: 0, handler: __TI_decompress_lzss
	index: 1, handler: __TI_decompress_none
	index: 2, handler: __TI_zero_init


GLOBAL SYMBOLS: SORTED ALPHABETICALLY BY Name 

address   name                            
-------   ----                            
00002655  ADC14_IRQHandler                
00002655  ADC14_IRQHandler                
0000264d  ADC14_config                    
000026c7  AES256_IRQHandler               
00002cfa  Bitmaps_O                       
00002d45  Bitmaps_X                       
000026c7  BusFault_Handler                
000026cd  C$$EXIT                         
000026c7  COMP_E0_IRQHandler              
000026c7  COMP_E1_IRQHandler              
000026c7  CS_IRQHandler                   
00001bb9  Crystalfontz128x128_SetDrawFrame
000026c7  DMA_ERR_IRQHandler              
000026c7  DMA_INT0_IRQHandler             
000026c7  DMA_INT1_IRQHandler             
000026c7  DMA_INT2_IRQHandler             
000026c7  DMA_INT3_IRQHandler             
000026c7  DebugMon_Handler                
000026c7  Default_Handler                 
000026c7  EUSCIA0_IRQHandler              
000026c7  EUSCIA1_IRQHandler              
000026c7  EUSCIA2_IRQHandler              
000026c7  EUSCIA3_IRQHandler              
000026c7  EUSCIB0_IRQHandler              
000026c7  EUSCIB1_IRQHandler              
000026c7  EUSCIB2_IRQHandler              
000026c7  EUSCIB3_IRQHandler              
000026c7  FLCTL_IRQHandler                
000026c7  FPU_IRQHandler                  
00001ae1  HAL_LCD_PortInit                
00001b29  HAL_LCD_SpiInit                 
00001b5d  HAL_LCD_writeCommand            
00001b95  HAL_LCD_writeData               
000026c7  HardFault_Handler               
20000038  JS_X                            
2000003c  JS_Y                            
20000040  Lcd_ScreenHeigth                
20000042  Lcd_ScreenWidth                 
000026c7  MemManage_Handler               
000026c7  NMI_Handler                     
000026c7  PCM_IRQHandler                  
000026c7  PORT1_IRQHandler                
000026c7  PORT2_IRQHandler                
000026c7  PORT3_IRQHandler                
000026c7  PORT4_IRQHandler                
000026c7  PORT5_IRQHandler                
000026c7  PORT6_IRQHandler                
000026c7  PSS_IRQHandler                  
000026c7  PendSV_Handler                  
000026c7  RTC_C_IRQHandler                
000026bb  Reset_Handler                   
20000034  S2_pressed_70mS                 
000026c7  SVC_Handler                     
000026c7  SysTick_Handler                 
20000030  SystemCoreClock                 
0000209d  SystemCoreClockUpdate           
00002315  SystemInit                      
000023f1  T32_1_10mS_interrupt            
00002417  T32_2_100mS_interrupt           
0000243d  T32_INT1_IRQHandler             
0000243d  T32_INT1_IRQHandler             
00002489  T32_INT2_IRQHandler             
00002489  T32_INT2_IRQHandler             
000026c7  T32_INTC_IRQHandler             
000026c7  TA0_0_IRQHandler                
000026c7  TA0_N_IRQHandler                
000026c7  TA1_0_IRQHandler                
000026c7  TA1_N_IRQHandler                
000026c7  TA2_0_IRQHandler                
000026c7  TA2_N_IRQHandler                
000026c7  TA3_0_IRQHandler                
000026c7  TA3_N_IRQHandler                
000026c7  UsageFault_Handler              
4000480c  WDTCTL_SYM                      
000026c7  WDT_A_IRQHandler                
20010000  __STACK_END                     
00000200  __STACK_SIZE                    
00002de0  __TI_CINIT_Base                 
00002df0  __TI_CINIT_Limit                
00002dc8  __TI_Handler_Table_Base         
00002dd4  __TI_Handler_Table_Limit        
000025d5  __TI_auto_init_nobinit_nopinit  
0000256d  __TI_decompress_lzss            
000026ad  __TI_decompress_none            
ffffffff  __TI_pprof_out_hndl             
ffffffff  __TI_prof_data_size             
ffffffff  __TI_prof_data_start            
00000000  __TI_static_base__              
00002679  __TI_zero_init_nomemset         
000024d1  __aeabi_memcpy                  
000024d1  __aeabi_memcpy4                 
000024d1  __aeabi_memcpy8                 
ffffffff  __binit__                       
ffffffff  __c_args__                      
UNDEFED   __mpu_init                      
2000fe00  __stack                         
20000000  __start___llvm_prf_cnts         
20000000  __stop___llvm_prf_cnts          
00002619  _c_int00_noargs                 
UNDEFED   _system_post_cinit              
000026c9  _system_pre_init                
000026cd  abort                           
ffffffff  binit                           
000012c3  check_win                       
00000f53  claim_square                    
000002cf  display_board                   
00000379  draw_square                     
000018f1  ece353_ADC14_PS2_X              
00001933  ece353_ADC14_PS2_XY             
00001a11  ece353_ADC14_PS2_XY_COMP        
0000175d  ece353_MKII_Buzzer_Init         
000016cf  ece353_MKII_Buzzer_Off          
000016b5  ece353_MKII_Buzzer_On           
000016dd  ece353_MKII_Buzzer_Run_Status   
000016f1  ece353_MKII_RGB_IO_Init         
00001999  ece353_MKII_RGB_LED             
000017cd  ece353_MKII_RGB_PWM             
00001695  ece353_MKII_S1                  
0000167d  ece353_MKII_S1_Init             
000016a5  ece353_MKII_S2                  
00001689  ece353_MKII_S2_Init             
000018a9  ece353_T32_1_Interrupt_Ms       
0000161f  ece353_T32_1_wait_100mS         
00001539  ece353_button1                  
000014f1  ece353_button1_init             
00001651  ece353_button1_wait_for_press   
0000160f  ece353_button2                  
000015ef  ece353_button2_init             
00001511  ece353_led1                     
000014db  ece353_led1_init                
00001587  ece353_rgb                      
00001549  ece353_rgb_init                 
00000000  interruptVectors                
00000f13  is_active_square                
00000f2d  is_claimed                      
00002017  lcd_O_wins                      
00001ff5  lcd_X_wins                      
00002063  lcd_clear_screen                
00001e75  lcd_draw_image                  
00001d57  lcd_draw_rectangle              
00001c29  lcd_init                        
00002041  lcd_tie                         
00002695  main                            
000024d1  memcpy                          
00000fb5  move_active_square              
00002b2c  o_WinsBitmaps                   
00002d95  o_WinsHeightPixels              
00002d94  o_WinsWidthPixels               
000000f5  tic_tac_toe_example_board       
000000e5  tic_tac_toe_hw_init             
00000221  tic_tac_toe_play_game           
000026d0  tieBitmaps                      
00002d91  tieHeightPixels                 
00002d90  tieWidthPixels                  
20000035  update_LCD                      
00002904  x_WinsBitmaps                   
00002d93  x_WinsHeightPixels              
00002d92  x_WinsWidthPixels               


GLOBAL SYMBOLS: SORTED BY Symbol Address 

address   name                            
-------   ----                            
00000000  __TI_static_base__              
00000000  interruptVectors                
000000e5  tic_tac_toe_hw_init             
000000f5  tic_tac_toe_example_board       
00000200  __STACK_SIZE                    
00000221  tic_tac_toe_play_game           
000002cf  display_board                   
00000379  draw_square                     
00000f13  is_active_square                
00000f2d  is_claimed                      
00000f53  claim_square                    
00000fb5  move_active_square              
000012c3  check_win                       
000014db  ece353_led1_init                
000014f1  ece353_button1_init             
00001511  ece353_led1                     
00001539  ece353_button1                  
00001549  ece353_rgb_init                 
00001587  ece353_rgb                      
000015ef  ece353_button2_init             
0000160f  ece353_button2                  
0000161f  ece353_T32_1_wait_100mS         
00001651  ece353_button1_wait_for_press   
0000167d  ece353_MKII_S1_Init             
00001689  ece353_MKII_S2_Init             
00001695  ece353_MKII_S1                  
000016a5  ece353_MKII_S2                  
000016b5  ece353_MKII_Buzzer_On           
000016cf  ece353_MKII_Buzzer_Off          
000016dd  ece353_MKII_Buzzer_Run_Status   
000016f1  ece353_MKII_RGB_IO_Init         
0000175d  ece353_MKII_Buzzer_Init         
000017cd  ece353_MKII_RGB_PWM             
000018a9  ece353_T32_1_Interrupt_Ms       
000018f1  ece353_ADC14_PS2_X              
00001933  ece353_ADC14_PS2_XY             
00001999  ece353_MKII_RGB_LED             
00001a11  ece353_ADC14_PS2_XY_COMP        
00001ae1  HAL_LCD_PortInit                
00001b29  HAL_LCD_SpiInit                 
00001b5d  HAL_LCD_writeCommand            
00001b95  HAL_LCD_writeData               
00001bb9  Crystalfontz128x128_SetDrawFrame
00001c29  lcd_init                        
00001d57  lcd_draw_rectangle              
00001e75  lcd_draw_image                  
00001ff5  lcd_X_wins                      
00002017  lcd_O_wins                      
00002041  lcd_tie                         
00002063  lcd_clear_screen                
0000209d  SystemCoreClockUpdate           
00002315  SystemInit                      
000023f1  T32_1_10mS_interrupt            
00002417  T32_2_100mS_interrupt           
0000243d  T32_INT1_IRQHandler             
0000243d  T32_INT1_IRQHandler             
00002489  T32_INT2_IRQHandler             
00002489  T32_INT2_IRQHandler             
000024d1  __aeabi_memcpy                  
000024d1  __aeabi_memcpy4                 
000024d1  __aeabi_memcpy8                 
000024d1  memcpy                          
0000256d  __TI_decompress_lzss            
000025d5  __TI_auto_init_nobinit_nopinit  
00002619  _c_int00_noargs                 
0000264d  ADC14_config                    
00002655  ADC14_IRQHandler                
00002655  ADC14_IRQHandler                
00002679  __TI_zero_init_nomemset         
00002695  main                            
000026ad  __TI_decompress_none            
000026bb  Reset_Handler                   
000026c7  AES256_IRQHandler               
000026c7  BusFault_Handler                
000026c7  COMP_E0_IRQHandler              
000026c7  COMP_E1_IRQHandler              
000026c7  CS_IRQHandler                   
000026c7  DMA_ERR_IRQHandler              
000026c7  DMA_INT0_IRQHandler             
000026c7  DMA_INT1_IRQHandler             
000026c7  DMA_INT2_IRQHandler             
000026c7  DMA_INT3_IRQHandler             
000026c7  DebugMon_Handler                
000026c7  Default_Handler                 
000026c7  EUSCIA0_IRQHandler              
000026c7  EUSCIA1_IRQHandler              
000026c7  EUSCIA2_IRQHandler              
000026c7  EUSCIA3_IRQHandler              
000026c7  EUSCIB0_IRQHandler              
000026c7  EUSCIB1_IRQHandler              
000026c7  EUSCIB2_IRQHandler              
000026c7  EUSCIB3_IRQHandler              
000026c7  FLCTL_IRQHandler                
000026c7  FPU_IRQHandler                  
000026c7  HardFault_Handler               
000026c7  MemManage_Handler               
000026c7  NMI_Handler                     
000026c7  PCM_IRQHandler                  
000026c7  PORT1_IRQHandler                
000026c7  PORT2_IRQHandler                
000026c7  PORT3_IRQHandler                
000026c7  PORT4_IRQHandler                
000026c7  PORT5_IRQHandler                
000026c7  PORT6_IRQHandler                
000026c7  PSS_IRQHandler                  
000026c7  PendSV_Handler                  
000026c7  RTC_C_IRQHandler                
000026c7  SVC_Handler                     
000026c7  SysTick_Handler                 
000026c7  T32_INTC_IRQHandler             
000026c7  TA0_0_IRQHandler                
000026c7  TA0_N_IRQHandler                
000026c7  TA1_0_IRQHandler                
000026c7  TA1_N_IRQHandler                
000026c7  TA2_0_IRQHandler                
000026c7  TA2_N_IRQHandler                
000026c7  TA3_0_IRQHandler                
000026c7  TA3_N_IRQHandler                
000026c7  UsageFault_Handler              
000026c7  WDT_A_IRQHandler                
000026c9  _system_pre_init                
000026cd  C$$EXIT                         
000026cd  abort                           
000026d0  tieBitmaps                      
00002904  x_WinsBitmaps                   
00002b2c  o_WinsBitmaps                   
00002cfa  Bitmaps_O                       
00002d45  Bitmaps_X                       
00002d90  tieWidthPixels                  
00002d91  tieHeightPixels                 
00002d92  x_WinsWidthPixels               
00002d93  x_WinsHeightPixels              
00002d94  o_WinsWidthPixels               
00002d95  o_WinsHeightPixels              
00002dc8  __TI_Handler_Table_Base         
00002dd4  __TI_Handler_Table_Limit        
00002de0  __TI_CINIT_Base                 
00002df0  __TI_CINIT_Limit                
20000000  __start___llvm_prf_cnts         
20000000  __stop___llvm_prf_cnts          
20000030  SystemCoreClock                 
20000034  S2_pressed_70mS                 
20000035  update_LCD                      
20000038  JS_X                            
2000003c  JS_Y                            
20000040  Lcd_ScreenHeigth                
20000042  Lcd_ScreenWidth                 
2000fe00  __stack                         
20010000  __STACK_END                     
4000480c  WDTCTL_SYM                      
ffffffff  __TI_pprof_out_hndl             
ffffffff  __TI_prof_data_size             
ffffffff  __TI_prof_data_start            
ffffffff  __binit__                       
ffffffff  __c_args__                      
ffffffff  binit                           
UNDEFED   __mpu_init                      
UNDEFED   _system_post_cinit              

[158 symbols]
